Copyright 1986-2022 Xilinx, Inc. All Rights Reserved. Copyright 2022-2025 Advanced Micro Devices, Inc. All Rights Reserved.
-------------------------------------------------------------------------------------------------------------------------------------------------------------
| Tool Version     : Vivado v.2025.1 (win64) Build 6140274 Thu May 22 00:12:29 MDT 2025
| Date             : Wed Sep  9 12:09:20 2026
| Host             : ArcosLaptop running 64-bit major release  (build 9200)
| Command          : report_power -file bd_ab_wrapper_power_routed.rpt -pb bd_ab_wrapper_power_summary_routed.pb -rpx bd_ab_wrapper_power_routed.rpx
| Design           : bd_ab_wrapper
| Device           : xcku5p-ffvb676-2-e
| Design State     : routed
| Grade            : extended
| Process          : typical
| Characterization : Production
-------------------------------------------------------------------------------------------------------------------------------------------------------------

Power Report

Table of Contents
-----------------
1. Summary
1.1 On-Chip Components
1.2 Power Supply Summary
1.3 Confidence Level
2. Settings
2.1 Environment
2.2 Clock Constraints
3. Detailed Reports
3.1 By Hierarchy

1. Summary
----------

+--------------------------+--------------+
| Total On-Chip Power (W)  | 4.214        |
| Design Power Budget (W)  | Unspecified* |
| Power Budget Margin (W)  | NA           |
| Dynamic (W)              | 3.650        |
| Device Static (W)        | 0.564        |
| Effective TJA (C/W)      | 1.7          |
| Max Ambient (C)          | 92.7         |
| Junction Temperature (C) | 32.3         |
| Confidence Level         | Medium       |
| Setting File             | ---          |
| Simulation Activity File | ---          |
| Design Nets Matched      | NA           |
+--------------------------+--------------+
* Specify Design Power Budget using, set_operating_conditions -design_power_budget <value in Watts>


1.1 On-Chip Components
----------------------

+--------------------------+-----------+----------+-----------+-----------------+
| On-Chip                  | Power (W) | Used     | Available | Utilization (%) |
+--------------------------+-----------+----------+-----------+-----------------+
| Clocks                   |     0.211 |       33 |       --- |             --- |
| CLB Logic                |     0.129 |    50727 |       --- |             --- |
|   LUT as Logic           |     0.091 |    16995 |    216960 |            7.83 |
|   LUT as Distributed RAM |     0.025 |     1528 |     99840 |            1.53 |
|   Register               |     0.012 |    24837 |    433920 |            5.72 |
|   CARRY8                 |     0.002 |      351 |     27120 |            1.29 |
|   LUT as Shift Register  |    <0.001 |       16 |     99840 |            0.02 |
|   Others                 |     0.000 |     1083 |       --- |             --- |
|   F7/F8 Muxes            |     0.000 |      532 |    216960 |            0.25 |
| Signals                  |     0.186 |    41614 |       --- |             --- |
| Block RAM                |     0.401 |       46 |       480 |            9.58 |
| MMCM                     |     0.000 |        0 |       --- |             --- |
| I/O                      |     0.009 |        3 |       280 |            1.07 |
| GTY                      |     2.406 |        8 |        16 |           50.00 |
| Hard IPs                 |     0.309 |        1 |       --- |             --- |
|   PCIE                   |     0.309 |        1 |       --- |             --- |
| Static Power             |     0.564 |          |           |                 |
| Total                    |     4.214 |          |           |                 |
+--------------------------+-----------+----------+-----------+-----------------+


1.2 Power Supply Summary
------------------------

+------------------+-------------+-----------+-------------+------------+-------------+-------------+------------+
| Source           | Voltage (V) | Total (A) | Dynamic (A) | Static (A) | Powerup (A) | Budget (A)  | Margin (A) |
+------------------+-------------+-----------+-------------+------------+-------------+-------------+------------+
| Vccint           |       0.850 |     1.924 |       1.745 |      0.178 |       NA    | Unspecified | NA         |
| Vccint_io        |       0.850 |     0.038 |       0.001 |      0.036 |       NA    | Unspecified | NA         |
| Vccbram          |       0.850 |     0.060 |       0.058 |      0.003 |       NA    | Unspecified | NA         |
| Vccaux           |       1.800 |     0.126 |       0.000 |      0.126 |       NA    | Unspecified | NA         |
| Vccaux_io        |       1.800 |     0.036 |       0.004 |      0.031 |       NA    | Unspecified | NA         |
| Vcco33           |       3.300 |     0.000 |       0.000 |      0.000 |       NA    | Unspecified | NA         |
| Vcco25           |       2.500 |     0.000 |       0.000 |      0.000 |       NA    | Unspecified | NA         |
| Vcco18           |       1.800 |     0.000 |       0.000 |      0.000 |       NA    | Unspecified | NA         |
| Vcco15           |       1.500 |     0.000 |       0.000 |      0.000 |       NA    | Unspecified | NA         |
| Vcco135          |       1.350 |     0.000 |       0.000 |      0.000 |       NA    | Unspecified | NA         |
| Vcco12           |       1.200 |     0.000 |       0.000 |      0.000 |       NA    | Unspecified | NA         |
| Vcco10           |       1.000 |     0.000 |       0.000 |      0.000 |       NA    | Unspecified | NA         |
| Vccadc           |       1.800 |     0.008 |       0.000 |      0.008 |       NA    | Unspecified | NA         |
| VMGTAVCC (GTY)   |       0.900 |     0.467 |       0.413 |      0.054 |       NA    | Unspecified | NA         |
| VMGTAVTT (GTY)   |       1.200 |     1.402 |       1.378 |      0.024 |       NA    | Unspecified | NA         |
| VMGTVCCAUX (GTY) |       1.800 |     0.050 |       0.047 |      0.003 |       NA    | Unspecified | NA         |
+------------------+-------------+-----------+-------------+------------+-------------+-------------+------------+


1.3 Confidence Level
--------------------

+-----------------------------+------------+-------------------------------------------------------+------------------------------------------------------------------------------------------------------------+
| User Input Data             | Confidence | Details                                               | Action                                                                                                     |
+-----------------------------+------------+-------------------------------------------------------+------------------------------------------------------------------------------------------------------------+
| Design implementation state | High       | Design is routed                                      |                                                                                                            |
| Clock nodes activity        | High       | User specified more than 95% of clocks                |                                                                                                            |
| I/O nodes activity          | Medium     | More than 5% of inputs are missing user specification | Provide missing input activity with simulation results or by editing the "By Resource Type -> I/Os" view   |
| Internal nodes activity     | Medium     | User specified less than 25% of internal nodes        | Provide missing internal nodes activity with simulation results or by editing the "By Resource Type" views |
| Device models               | High       | Device models are Production                          |                                                                                                            |
|                             |            |                                                       |                                                                                                            |
| Overall confidence level    | Medium     |                                                       |                                                                                                            |
+-----------------------------+------------+-------------------------------------------------------+------------------------------------------------------------------------------------------------------------+


2. Settings
-----------

2.1 Environment
---------------

+-----------------------+--------------------------+
| Ambient Temp (C)      | 25.0                     |
| ThetaJA (C/W)         | 1.7                      |
| Airflow (LFM)         | 250                      |
| Heat Sink             | medium (Medium Profile)  |
| ThetaSA (C/W)         | 2.8                      |
| Board Selection       | medium (10"x10")         |
| # of Board Layers     | 12to15 (12 to 15 Layers) |
| Board Temperature (C) | 25.0                     |
+-----------------------+--------------------------+


2.2 Clock Constraints
---------------------

+---------------------------------------------------------------------------------------------------------------------------------------------------------------------------------------------------------------------------------------------------------------------------------------------------------------------------------------------------------------------------------------------------------------------------------------------------+------------------------------------------------------------------------------------------------------------------------------------------------------------------------------------------------------------------------------------------------------------------------------------------------------------------------------------------------------------------------------------------------------------------------------------+-----------------+
| Clock                                                                                                                                                                                                                                                                                                                                                                                                                                             | Domain                                                                                                                                                                                                                                                                                                                                                                                                                             | Constraint (ns) |
+---------------------------------------------------------------------------------------------------------------------------------------------------------------------------------------------------------------------------------------------------------------------------------------------------------------------------------------------------------------------------------------------------------------------------------------------------+------------------------------------------------------------------------------------------------------------------------------------------------------------------------------------------------------------------------------------------------------------------------------------------------------------------------------------------------------------------------------------------------------------------------------------+-----------------+
| GTYE4_CHANNEL_TXOUTCLK[0]                                                                                                                                                                                                                                                                                                                                                                                                                         | bd_ab_i/bd_xdma/inst/pcie4_ip_i/inst/bd_ab_bd_xdma_0_pcie4_ip_gt_top_i/diablo_gt.diablo_gt_phy_wrapper/gt_wizard.gtwizard_top_i/bd_ab_bd_xdma_0_pcie4_ip_gt_i/inst/gen_gtwizard_gtye4_top.bd_ab_bd_xdma_0_pcie4_ip_gt_gtwizard_gtye4_inst/gen_gtwizard_gtye4.gen_channel_container[0].gen_enabled_channel.gtye4_channel_wrapper_inst/channel_inst/GTYE4_CHANNEL_TXOUTCLK[0]                                                        |             2.0 |
| GTYE4_CHANNEL_TXOUTCLK[0]_1                                                                                                                                                                                                                                                                                                                                                                                                                       | bd_ab_i/bd_xdma/inst/pcie4_ip_i/inst/bd_ab_bd_xdma_0_pcie4_ip_gt_top_i/diablo_gt.diablo_gt_phy_wrapper/gt_wizard.gtwizard_top_i/bd_ab_bd_xdma_0_pcie4_ip_gt_i/inst/gen_gtwizard_gtye4_top.bd_ab_bd_xdma_0_pcie4_ip_gt_gtwizard_gtye4_inst/gen_gtwizard_gtye4.gen_channel_container[1].gen_enabled_channel.gtye4_channel_wrapper_inst/channel_inst/GTYE4_CHANNEL_TXOUTCLK[0]                                                        |             2.0 |
| GTYE4_CHANNEL_TXOUTCLK[1]                                                                                                                                                                                                                                                                                                                                                                                                                         | bd_ab_i/bd_xdma/inst/pcie4_ip_i/inst/bd_ab_bd_xdma_0_pcie4_ip_gt_top_i/diablo_gt.diablo_gt_phy_wrapper/gt_wizard.gtwizard_top_i/bd_ab_bd_xdma_0_pcie4_ip_gt_i/inst/gen_gtwizard_gtye4_top.bd_ab_bd_xdma_0_pcie4_ip_gt_gtwizard_gtye4_inst/gen_gtwizard_gtye4.gen_channel_container[0].gen_enabled_channel.gtye4_channel_wrapper_inst/channel_inst/GTYE4_CHANNEL_TXOUTCLK[1]                                                        |             2.0 |
| GTYE4_CHANNEL_TXOUTCLK[1]_1                                                                                                                                                                                                                                                                                                                                                                                                                       | bd_ab_i/bd_xdma/inst/pcie4_ip_i/inst/bd_ab_bd_xdma_0_pcie4_ip_gt_top_i/diablo_gt.diablo_gt_phy_wrapper/gt_wizard.gtwizard_top_i/bd_ab_bd_xdma_0_pcie4_ip_gt_i/inst/gen_gtwizard_gtye4_top.bd_ab_bd_xdma_0_pcie4_ip_gt_gtwizard_gtye4_inst/gen_gtwizard_gtye4.gen_channel_container[1].gen_enabled_channel.gtye4_channel_wrapper_inst/channel_inst/GTYE4_CHANNEL_TXOUTCLK[1]                                                        |             2.0 |
| GTYE4_CHANNEL_TXOUTCLK[2]                                                                                                                                                                                                                                                                                                                                                                                                                         | bd_ab_i/bd_xdma/inst/pcie4_ip_i/inst/bd_ab_bd_xdma_0_pcie4_ip_gt_top_i/diablo_gt.diablo_gt_phy_wrapper/gt_wizard.gtwizard_top_i/bd_ab_bd_xdma_0_pcie4_ip_gt_i/inst/gen_gtwizard_gtye4_top.bd_ab_bd_xdma_0_pcie4_ip_gt_gtwizard_gtye4_inst/gen_gtwizard_gtye4.gen_channel_container[0].gen_enabled_channel.gtye4_channel_wrapper_inst/channel_inst/GTYE4_CHANNEL_TXOUTCLK[2]                                                        |             2.0 |
| GTYE4_CHANNEL_TXOUTCLK[2]_1                                                                                                                                                                                                                                                                                                                                                                                                                       | bd_ab_i/bd_xdma/inst/pcie4_ip_i/inst/bd_ab_bd_xdma_0_pcie4_ip_gt_top_i/diablo_gt.diablo_gt_phy_wrapper/gt_wizard.gtwizard_top_i/bd_ab_bd_xdma_0_pcie4_ip_gt_i/inst/gen_gtwizard_gtye4_top.bd_ab_bd_xdma_0_pcie4_ip_gt_gtwizard_gtye4_inst/gen_gtwizard_gtye4.gen_channel_container[1].gen_enabled_channel.gtye4_channel_wrapper_inst/channel_inst/GTYE4_CHANNEL_TXOUTCLK[2]                                                        |             2.0 |
| GTYE4_CHANNEL_TXOUTCLK[3]                                                                                                                                                                                                                                                                                                                                                                                                                         | bd_ab_i/bd_xdma/inst/pcie4_ip_i/inst/bd_ab_bd_xdma_0_pcie4_ip_gt_top_i/diablo_gt.diablo_gt_phy_wrapper/gt_wizard.gtwizard_top_i/bd_ab_bd_xdma_0_pcie4_ip_gt_i/inst/gen_gtwizard_gtye4_top.bd_ab_bd_xdma_0_pcie4_ip_gt_gtwizard_gtye4_inst/gen_gtwizard_gtye4.gen_channel_container[0].gen_enabled_channel.gtye4_channel_wrapper_inst/channel_inst/GTYE4_CHANNEL_TXOUTCLK[3]                                                        |             2.0 |
| GTYE4_CHANNEL_TXOUTCLK[3]_1                                                                                                                                                                                                                                                                                                                                                                                                                       | bd_ab_i/bd_xdma/inst/pcie4_ip_i/inst/bd_ab_bd_xdma_0_pcie4_ip_gt_top_i/diablo_gt.diablo_gt_phy_wrapper/gt_wizard.gtwizard_top_i/bd_ab_bd_xdma_0_pcie4_ip_gt_i/inst/gen_gtwizard_gtye4_top.bd_ab_bd_xdma_0_pcie4_ip_gt_gtwizard_gtye4_inst/gen_gtwizard_gtye4.gen_channel_container[1].gen_enabled_channel.gtye4_channel_wrapper_inst/channel_inst/GTYE4_CHANNEL_TXOUTCLK[3]                                                        |             2.0 |
| bd_ab_bd_xdma_0_pcie4_ip_gt_top_i_n_541                                                                                                                                                                                                                                                                                                                                                                                                           | bd_ab_i/bd_xdma/inst/pcie4_ip_i/inst/bd_ab_bd_xdma_0_pcie4_ip_gt_top_i/diablo_gt.diablo_gt_phy_wrapper/phy_clk_i/PHY_MCAPCLK                                                                                                                                                                                                                                                                                                       |             8.0 |
| bd_ab_i/bd_xdma/inst/pcie4_ip_i/inst/bd_ab_bd_xdma_0_pcie4_ip_gt_top_i/diablo_gt.diablo_gt_phy_wrapper/gt_wizard.gtwizard_top_i/bd_ab_bd_xdma_0_pcie4_ip_gt_i/inst/gen_gtwizard_gtye4_top.bd_ab_bd_xdma_0_pcie4_ip_gt_gtwizard_gtye4_inst/gen_gtwizard_gtye4.gen_cpll_cal_gtye4.gen_cpll_cal_inst[0].gen_inst_cpll_cal.gtwizard_ultrascale_v1_7_20_gtye4_cpll_cal_inst/gtwizard_ultrascale_v1_7_20_gtye4_cpll_cal_tx_i/bufg_gt_txoutclkmon_inst/O | bd_ab_i/bd_xdma/inst/pcie4_ip_i/inst/bd_ab_bd_xdma_0_pcie4_ip_gt_top_i/diablo_gt.diablo_gt_phy_wrapper/gt_wizard.gtwizard_top_i/bd_ab_bd_xdma_0_pcie4_ip_gt_i/inst/gen_gtwizard_gtye4_top.bd_ab_bd_xdma_0_pcie4_ip_gt_gtwizard_gtye4_inst/gen_gtwizard_gtye4.gen_cpll_cal_gtye4.gen_cpll_cal_inst[0].gen_inst_cpll_cal.gtwizard_ultrascale_v1_7_20_gtye4_cpll_cal_inst/gtwizard_ultrascale_v1_7_20_gtye4_cpll_cal_tx_i/txoutclkmon |             8.0 |
| bd_ab_i/bd_xdma/inst/pcie4_ip_i/inst/bd_ab_bd_xdma_0_pcie4_ip_gt_top_i/diablo_gt.diablo_gt_phy_wrapper/gt_wizard.gtwizard_top_i/bd_ab_bd_xdma_0_pcie4_ip_gt_i/inst/gen_gtwizard_gtye4_top.bd_ab_bd_xdma_0_pcie4_ip_gt_gtwizard_gtye4_inst/gen_gtwizard_gtye4.gen_cpll_cal_gtye4.gen_cpll_cal_inst[1].gen_inst_cpll_cal.gtwizard_ultrascale_v1_7_20_gtye4_cpll_cal_inst/gtwizard_ultrascale_v1_7_20_gtye4_cpll_cal_tx_i/bufg_gt_txoutclkmon_inst/O | bd_ab_i/bd_xdma/inst/pcie4_ip_i/inst/bd_ab_bd_xdma_0_pcie4_ip_gt_top_i/diablo_gt.diablo_gt_phy_wrapper/gt_wizard.gtwizard_top_i/bd_ab_bd_xdma_0_pcie4_ip_gt_i/inst/gen_gtwizard_gtye4_top.bd_ab_bd_xdma_0_pcie4_ip_gt_gtwizard_gtye4_inst/gen_gtwizard_gtye4.gen_cpll_cal_gtye4.gen_cpll_cal_inst[1].gen_inst_cpll_cal.gtwizard_ultrascale_v1_7_20_gtye4_cpll_cal_inst/gtwizard_ultrascale_v1_7_20_gtye4_cpll_cal_tx_i/txoutclkmon |             8.0 |
| bd_ab_i/bd_xdma/inst/pcie4_ip_i/inst/bd_ab_bd_xdma_0_pcie4_ip_gt_top_i/diablo_gt.diablo_gt_phy_wrapper/gt_wizard.gtwizard_top_i/bd_ab_bd_xdma_0_pcie4_ip_gt_i/inst/gen_gtwizard_gtye4_top.bd_ab_bd_xdma_0_pcie4_ip_gt_gtwizard_gtye4_inst/gen_gtwizard_gtye4.gen_cpll_cal_gtye4.gen_cpll_cal_inst[2].gen_inst_cpll_cal.gtwizard_ultrascale_v1_7_20_gtye4_cpll_cal_inst/gtwizard_ultrascale_v1_7_20_gtye4_cpll_cal_tx_i/bufg_gt_txoutclkmon_inst/O | bd_ab_i/bd_xdma/inst/pcie4_ip_i/inst/bd_ab_bd_xdma_0_pcie4_ip_gt_top_i/diablo_gt.diablo_gt_phy_wrapper/gt_wizard.gtwizard_top_i/bd_ab_bd_xdma_0_pcie4_ip_gt_i/inst/gen_gtwizard_gtye4_top.bd_ab_bd_xdma_0_pcie4_ip_gt_gtwizard_gtye4_inst/gen_gtwizard_gtye4.gen_cpll_cal_gtye4.gen_cpll_cal_inst[2].gen_inst_cpll_cal.gtwizard_ultrascale_v1_7_20_gtye4_cpll_cal_inst/gtwizard_ultrascale_v1_7_20_gtye4_cpll_cal_tx_i/txoutclkmon |             8.0 |
| bd_ab_i/bd_xdma/inst/pcie4_ip_i/inst/bd_ab_bd_xdma_0_pcie4_ip_gt_top_i/diablo_gt.diablo_gt_phy_wrapper/gt_wizard.gtwizard_top_i/bd_ab_bd_xdma_0_pcie4_ip_gt_i/inst/gen_gtwizard_gtye4_top.bd_ab_bd_xdma_0_pcie4_ip_gt_gtwizard_gtye4_inst/gen_gtwizard_gtye4.gen_cpll_cal_gtye4.gen_cpll_cal_inst[3].gen_inst_cpll_cal.gtwizard_ultrascale_v1_7_20_gtye4_cpll_cal_inst/gtwizard_ultrascale_v1_7_20_gtye4_cpll_cal_tx_i/bufg_gt_txoutclkmon_inst/O | bd_ab_i/bd_xdma/inst/pcie4_ip_i/inst/bd_ab_bd_xdma_0_pcie4_ip_gt_top_i/diablo_gt.diablo_gt_phy_wrapper/gt_wizard.gtwizard_top_i/bd_ab_bd_xdma_0_pcie4_ip_gt_i/inst/gen_gtwizard_gtye4_top.bd_ab_bd_xdma_0_pcie4_ip_gt_gtwizard_gtye4_inst/gen_gtwizard_gtye4.gen_cpll_cal_gtye4.gen_cpll_cal_inst[3].gen_inst_cpll_cal.gtwizard_ultrascale_v1_7_20_gtye4_cpll_cal_inst/gtwizard_ultrascale_v1_7_20_gtye4_cpll_cal_tx_i/txoutclkmon |             8.0 |
| bd_ab_i/bd_xdma/inst/pcie4_ip_i/inst/bd_ab_bd_xdma_0_pcie4_ip_gt_top_i/diablo_gt.diablo_gt_phy_wrapper/gt_wizard.gtwizard_top_i/bd_ab_bd_xdma_0_pcie4_ip_gt_i/inst/gen_gtwizard_gtye4_top.bd_ab_bd_xdma_0_pcie4_ip_gt_gtwizard_gtye4_inst/gen_gtwizard_gtye4.gen_cpll_cal_gtye4.gen_cpll_cal_inst[4].gen_inst_cpll_cal.gtwizard_ultrascale_v1_7_20_gtye4_cpll_cal_inst/gtwizard_ultrascale_v1_7_20_gtye4_cpll_cal_tx_i/bufg_gt_txoutclkmon_inst/O | bd_ab_i/bd_xdma/inst/pcie4_ip_i/inst/bd_ab_bd_xdma_0_pcie4_ip_gt_top_i/diablo_gt.diablo_gt_phy_wrapper/gt_wizard.gtwizard_top_i/bd_ab_bd_xdma_0_pcie4_ip_gt_i/inst/gen_gtwizard_gtye4_top.bd_ab_bd_xdma_0_pcie4_ip_gt_gtwizard_gtye4_inst/gen_gtwizard_gtye4.gen_cpll_cal_gtye4.gen_cpll_cal_inst[4].gen_inst_cpll_cal.gtwizard_ultrascale_v1_7_20_gtye4_cpll_cal_inst/gtwizard_ultrascale_v1_7_20_gtye4_cpll_cal_tx_i/txoutclkmon |             8.0 |
| bd_ab_i/bd_xdma/inst/pcie4_ip_i/inst/bd_ab_bd_xdma_0_pcie4_ip_gt_top_i/diablo_gt.diablo_gt_phy_wrapper/gt_wizard.gtwizard_top_i/bd_ab_bd_xdma_0_pcie4_ip_gt_i/inst/gen_gtwizard_gtye4_top.bd_ab_bd_xdma_0_pcie4_ip_gt_gtwizard_gtye4_inst/gen_gtwizard_gtye4.gen_cpll_cal_gtye4.gen_cpll_cal_inst[5].gen_inst_cpll_cal.gtwizard_ultrascale_v1_7_20_gtye4_cpll_cal_inst/gtwizard_ultrascale_v1_7_20_gtye4_cpll_cal_tx_i/bufg_gt_txoutclkmon_inst/O | bd_ab_i/bd_xdma/inst/pcie4_ip_i/inst/bd_ab_bd_xdma_0_pcie4_ip_gt_top_i/diablo_gt.diablo_gt_phy_wrapper/gt_wizard.gtwizard_top_i/bd_ab_bd_xdma_0_pcie4_ip_gt_i/inst/gen_gtwizard_gtye4_top.bd_ab_bd_xdma_0_pcie4_ip_gt_gtwizard_gtye4_inst/gen_gtwizard_gtye4.gen_cpll_cal_gtye4.gen_cpll_cal_inst[5].gen_inst_cpll_cal.gtwizard_ultrascale_v1_7_20_gtye4_cpll_cal_inst/gtwizard_ultrascale_v1_7_20_gtye4_cpll_cal_tx_i/txoutclkmon |             8.0 |
| bd_ab_i/bd_xdma/inst/pcie4_ip_i/inst/bd_ab_bd_xdma_0_pcie4_ip_gt_top_i/diablo_gt.diablo_gt_phy_wrapper/gt_wizard.gtwizard_top_i/bd_ab_bd_xdma_0_pcie4_ip_gt_i/inst/gen_gtwizard_gtye4_top.bd_ab_bd_xdma_0_pcie4_ip_gt_gtwizard_gtye4_inst/gen_gtwizard_gtye4.gen_cpll_cal_gtye4.gen_cpll_cal_inst[6].gen_inst_cpll_cal.gtwizard_ultrascale_v1_7_20_gtye4_cpll_cal_inst/gtwizard_ultrascale_v1_7_20_gtye4_cpll_cal_tx_i/bufg_gt_txoutclkmon_inst/O | bd_ab_i/bd_xdma/inst/pcie4_ip_i/inst/bd_ab_bd_xdma_0_pcie4_ip_gt_top_i/diablo_gt.diablo_gt_phy_wrapper/gt_wizard.gtwizard_top_i/bd_ab_bd_xdma_0_pcie4_ip_gt_i/inst/gen_gtwizard_gtye4_top.bd_ab_bd_xdma_0_pcie4_ip_gt_gtwizard_gtye4_inst/gen_gtwizard_gtye4.gen_cpll_cal_gtye4.gen_cpll_cal_inst[6].gen_inst_cpll_cal.gtwizard_ultrascale_v1_7_20_gtye4_cpll_cal_inst/gtwizard_ultrascale_v1_7_20_gtye4_cpll_cal_tx_i/txoutclkmon |             8.0 |
| bd_ab_i/bd_xdma/inst/pcie4_ip_i/inst/bd_ab_bd_xdma_0_pcie4_ip_gt_top_i/diablo_gt.diablo_gt_phy_wrapper/gt_wizard.gtwizard_top_i/bd_ab_bd_xdma_0_pcie4_ip_gt_i/inst/gen_gtwizard_gtye4_top.bd_ab_bd_xdma_0_pcie4_ip_gt_gtwizard_gtye4_inst/gen_gtwizard_gtye4.gen_cpll_cal_gtye4.gen_cpll_cal_inst[7].gen_inst_cpll_cal.gtwizard_ultrascale_v1_7_20_gtye4_cpll_cal_inst/gtwizard_ultrascale_v1_7_20_gtye4_cpll_cal_tx_i/bufg_gt_txoutclkmon_inst/O | bd_ab_i/bd_xdma/inst/pcie4_ip_i/inst/bd_ab_bd_xdma_0_pcie4_ip_gt_top_i/diablo_gt.diablo_gt_phy_wrapper/gt_wizard.gtwizard_top_i/bd_ab_bd_xdma_0_pcie4_ip_gt_i/inst/gen_gtwizard_gtye4_top.bd_ab_bd_xdma_0_pcie4_ip_gt_gtwizard_gtye4_inst/gen_gtwizard_gtye4.gen_cpll_cal_gtye4.gen_cpll_cal_inst[7].gen_inst_cpll_cal.gtwizard_ultrascale_v1_7_20_gtye4_cpll_cal_inst/gtwizard_ultrascale_v1_7_20_gtye4_cpll_cal_tx_i/txoutclkmon |             8.0 |
| bd_ab_i/bd_xdma/inst/pcie4_ip_i/inst/bd_ab_bd_xdma_0_pcie4_ip_gt_top_i/diablo_gt.diablo_gt_phy_wrapper/phy_clk_i/bufg_gt_intclk/O                                                                                                                                                                                                                                                                                                                 | bd_ab_i/bd_xdma/inst/pcie4_ip_i/inst/bd_ab_bd_xdma_0_pcie4_ip_gt_top_i/diablo_gt.diablo_gt_phy_wrapper/phy_clk_i/CLK_INTCLK                                                                                                                                                                                                                                                                                                        |          1000.0 |
| bd_xdma_axi_aclk                                                                                                                                                                                                                                                                                                                                                                                                                                  | bd_ab_i/bd_xdma/inst/pcie4_ip_i/inst/bd_ab_bd_xdma_0_pcie4_ip_gt_top_i/diablo_gt.diablo_gt_phy_wrapper/phy_clk_i/PHY_USERCLK                                                                                                                                                                                                                                                                                                       |             4.0 |
| clk_out1_bd_ab_bd_clk_tx_0_1                                                                                                                                                                                                                                                                                                                                                                                                                      | bd_ab_i/bd_clk_tx/inst/clk_out1_bd_ab_bd_clk_tx_0                                                                                                                                                                                                                                                                                                                                                                                  |             3.2 |
| pcie_refclk                                                                                                                                                                                                                                                                                                                                                                                                                                       | pcie_refclk_clk_p[0]                                                                                                                                                                                                                                                                                                                                                                                                               |            10.0 |
| pipe_clk                                                                                                                                                                                                                                                                                                                                                                                                                                          | bd_ab_i/bd_xdma/inst/pcie4_ip_i/inst/bd_ab_bd_xdma_0_pcie4_ip_gt_top_i/diablo_gt.diablo_gt_phy_wrapper/phy_clk_i/CLK_PCLK2_GT                                                                                                                                                                                                                                                                                                      |             4.0 |
| qpll0outclk_out[0]                                                                                                                                                                                                                                                                                                                                                                                                                                | bd_ab_i/bd_xdma/inst/pcie4_ip_i/inst/bd_ab_bd_xdma_0_pcie4_ip_gt_top_i/diablo_gt.diablo_gt_phy_wrapper/gt_wizard.gtwizard_top_i/bd_ab_bd_xdma_0_pcie4_ip_gt_i/inst/gen_gtwizard_gtye4_top.bd_ab_bd_xdma_0_pcie4_ip_gt_gtwizard_gtye4_inst/gen_gtwizard_gtye4.gen_common.gen_common_container[0].gen_enabled_common.gtye4_common_wrapper_inst/common_inst/qpll0outclk_out[0]                                                        |             0.2 |
| qpll0outclk_out[0]_1                                                                                                                                                                                                                                                                                                                                                                                                                              | bd_ab_i/bd_xdma/inst/pcie4_ip_i/inst/bd_ab_bd_xdma_0_pcie4_ip_gt_top_i/diablo_gt.diablo_gt_phy_wrapper/gt_wizard.gtwizard_top_i/bd_ab_bd_xdma_0_pcie4_ip_gt_i/inst/gen_gtwizard_gtye4_top.bd_ab_bd_xdma_0_pcie4_ip_gt_gtwizard_gtye4_inst/gen_gtwizard_gtye4.gen_common.gen_common_container[1].gen_enabled_common.gtye4_common_wrapper_inst/common_inst/qpll0outclk_out[0]                                                        |             0.2 |
| qpll0outrefclk_out[0]                                                                                                                                                                                                                                                                                                                                                                                                                             | bd_ab_i/bd_xdma/inst/pcie4_ip_i/inst/bd_ab_bd_xdma_0_pcie4_ip_gt_top_i/diablo_gt.diablo_gt_phy_wrapper/gt_wizard.gtwizard_top_i/bd_ab_bd_xdma_0_pcie4_ip_gt_i/inst/gen_gtwizard_gtye4_top.bd_ab_bd_xdma_0_pcie4_ip_gt_gtwizard_gtye4_inst/gen_gtwizard_gtye4.gen_common.gen_common_container[0].gen_enabled_common.gtye4_common_wrapper_inst/common_inst/qpll0outrefclk_out[0]                                                     |            10.0 |
| qpll0outrefclk_out[0]_1                                                                                                                                                                                                                                                                                                                                                                                                                           | bd_ab_i/bd_xdma/inst/pcie4_ip_i/inst/bd_ab_bd_xdma_0_pcie4_ip_gt_top_i/diablo_gt.diablo_gt_phy_wrapper/gt_wizard.gtwizard_top_i/bd_ab_bd_xdma_0_pcie4_ip_gt_i/inst/gen_gtwizard_gtye4_top.bd_ab_bd_xdma_0_pcie4_ip_gt_gtwizard_gtye4_inst/gen_gtwizard_gtye4.gen_common.gen_common_container[1].gen_enabled_common.gtye4_common_wrapper_inst/common_inst/qpll0outrefclk_out[0]                                                     |            10.0 |
| qpll1outclk_out[0]                                                                                                                                                                                                                                                                                                                                                                                                                                | bd_ab_i/bd_xdma/inst/pcie4_ip_i/inst/bd_ab_bd_xdma_0_pcie4_ip_gt_top_i/diablo_gt.diablo_gt_phy_wrapper/gt_wizard.gtwizard_top_i/bd_ab_bd_xdma_0_pcie4_ip_gt_i/inst/gen_gtwizard_gtye4_top.bd_ab_bd_xdma_0_pcie4_ip_gt_gtwizard_gtye4_inst/gen_gtwizard_gtye4.gen_common.gen_common_container[0].gen_enabled_common.gtye4_common_wrapper_inst/common_inst/qpll1outclk_out[0]                                                        |             0.2 |
| qpll1outclk_out[0]_1                                                                                                                                                                                                                                                                                                                                                                                                                              | bd_ab_i/bd_xdma/inst/pcie4_ip_i/inst/bd_ab_bd_xdma_0_pcie4_ip_gt_top_i/diablo_gt.diablo_gt_phy_wrapper/gt_wizard.gtwizard_top_i/bd_ab_bd_xdma_0_pcie4_ip_gt_i/inst/gen_gtwizard_gtye4_top.bd_ab_bd_xdma_0_pcie4_ip_gt_gtwizard_gtye4_inst/gen_gtwizard_gtye4.gen_common.gen_common_container[1].gen_enabled_common.gtye4_common_wrapper_inst/common_inst/qpll1outclk_out[0]                                                        |             0.2 |
| qpll1outrefclk_out[0]                                                                                                                                                                                                                                                                                                                                                                                                                             | bd_ab_i/bd_xdma/inst/pcie4_ip_i/inst/bd_ab_bd_xdma_0_pcie4_ip_gt_top_i/diablo_gt.diablo_gt_phy_wrapper/gt_wizard.gtwizard_top_i/bd_ab_bd_xdma_0_pcie4_ip_gt_i/inst/gen_gtwizard_gtye4_top.bd_ab_bd_xdma_0_pcie4_ip_gt_gtwizard_gtye4_inst/gen_gtwizard_gtye4.gen_common.gen_common_container[0].gen_enabled_common.gtye4_common_wrapper_inst/common_inst/qpll1outrefclk_out[0]                                                     |            10.0 |
| qpll1outrefclk_out[0]_1                                                                                                                                                                                                                                                                                                                                                                                                                           | bd_ab_i/bd_xdma/inst/pcie4_ip_i/inst/bd_ab_bd_xdma_0_pcie4_ip_gt_top_i/diablo_gt.diablo_gt_phy_wrapper/gt_wizard.gtwizard_top_i/bd_ab_bd_xdma_0_pcie4_ip_gt_i/inst/gen_gtwizard_gtye4_top.bd_ab_bd_xdma_0_pcie4_ip_gt_gtwizard_gtye4_inst/gen_gtwizard_gtye4.gen_common.gen_common_container[1].gen_enabled_common.gtye4_common_wrapper_inst/common_inst/qpll1outrefclk_out[0]                                                     |            10.0 |
| sysclk_300                                                                                                                                                                                                                                                                                                                                                                                                                                        | sysclk_300_clk_p                                                                                                                                                                                                                                                                                                                                                                                                                   |             3.3 |
+---------------------------------------------------------------------------------------------------------------------------------------------------------------------------------------------------------------------------------------------------------------------------------------------------------------------------------------------------------------------------------------------------------------------------------------------------+------------------------------------------------------------------------------------------------------------------------------------------------------------------------------------------------------------------------------------------------------------------------------------------------------------------------------------------------------------------------------------------------------------------------------------+-----------------+


3. Detailed Reports
-------------------

3.1 By Hierarchy
----------------

+---------------+-----------+
| Name          | Power (W) |
+---------------+-----------+
| bd_ab_wrapper |     3.650 |
|   bd_ab_i     |     3.650 |
|     bd_ab_top |     0.031 |
|       inst    |     0.031 |
|     bd_clk_tx |     0.003 |
|       inst    |     0.003 |
|     bd_refbuf |     0.006 |
|       U0      |     0.006 |
|     bd_xdma   |     3.610 |
|       inst    |     3.610 |
+---------------+-----------+


