Copyright 1986-2022 Xilinx, Inc. All Rights Reserved. Copyright 2022-2025 Advanced Micro Devices, Inc. All Rights Reserved.
-----------------------------------------------------------------------------------------------------------------------------------------------------------------------------
| Tool Version : Vivado v.2025.1 (win64) Build 6140274 Thu May 22 00:12:29 MDT 2025
| Date         : Wed Sep  9 12:09:03 2026
| Host         : ArcosLaptop running 64-bit major release  (build 9200)
| Command      : report_methodology -file bd_ab_wrapper_methodology_drc_routed.rpt -pb bd_ab_wrapper_methodology_drc_routed.pb -rpx bd_ab_wrapper_methodology_drc_routed.rpx
| Design       : bd_ab_wrapper
| Device       : xcku5p-ffvb676-2-e
| Speed File   : -2
| Design State : Fully Routed
-----------------------------------------------------------------------------------------------------------------------------------------------------------------------------

Report Methodology

Table of Contents
-----------------
1. REPORT SUMMARY
2. REPORT DETAILS

1. REPORT SUMMARY
-----------------
            Netlist: netlist
          Floorplan: design_1
      Design limits: <entire design considered>
             Max checks: <unlimited>
             Checks found: 83
+-----------+------------------+-----------------------------------------------------------+--------+
| Rule      | Severity         | Description                                               | Checks |
+-----------+------------------+-----------------------------------------------------------+--------+
| TIMING-6  | Critical Warning | No common primary clock between related clocks            | 2      |
| TIMING-7  | Critical Warning | No common node between related clocks                     | 2      |
| TIMING-8  | Critical Warning | No common period between related clocks                   | 2      |
| TIMING-51 | Critical Warning | No common phase between related clocks from parallel CMBs | 2      |
| LUTAR-1   | Warning          | LUT drives async reset alert                              | 7      |
| TIMING-9  | Warning          | Unknown CDC Logic                                         | 1      |
| TIMING-16 | Warning          | Large setup violation                                     | 66     |
| XDCC-7    | Warning          | Scoped Clock constraint overwritten on the same source    | 1      |
+-----------+------------------+-----------------------------------------------------------+--------+

2. REPORT DETAILS
-----------------
TIMING-6#1 Critical Warning
No common primary clock between related clocks  
The clocks bd_xdma_axi_aclk and clk_out1_bd_ab_bd_clk_tx_0_1 are related (timed together) but they have no common primary clock. The design could fail in hardware. To find a timing path between these clocks, run the following command: report_timing -from [get_clocks bd_xdma_axi_aclk] -to [get_clocks clk_out1_bd_ab_bd_clk_tx_0_1]
Related violations: <none>

TIMING-6#2 Critical Warning
No common primary clock between related clocks  
The clocks clk_out1_bd_ab_bd_clk_tx_0_1 and bd_xdma_axi_aclk are related (timed together) but they have no common primary clock. The design could fail in hardware. To find a timing path between these clocks, run the following command: report_timing -from [get_clocks clk_out1_bd_ab_bd_clk_tx_0_1] -to [get_clocks bd_xdma_axi_aclk]
Related violations: <none>

TIMING-7#1 Critical Warning
No common node between related clocks  
The clocks bd_xdma_axi_aclk and clk_out1_bd_ab_bd_clk_tx_0_1 are related (timed together) but they have no common node. The design could fail in hardware. To find a timing path between these clocks, run the following command: report_timing -from [get_clocks bd_xdma_axi_aclk] -to [get_clocks clk_out1_bd_ab_bd_clk_tx_0_1]
Related violations: <none>

TIMING-7#2 Critical Warning
No common node between related clocks  
The clocks clk_out1_bd_ab_bd_clk_tx_0_1 and bd_xdma_axi_aclk are related (timed together) but they have no common node. The design could fail in hardware. To find a timing path between these clocks, run the following command: report_timing -from [get_clocks clk_out1_bd_ab_bd_clk_tx_0_1] -to [get_clocks bd_xdma_axi_aclk]
Related violations: <none>

TIMING-8#1 Critical Warning
No common period between related clocks  
The clocks bd_xdma_axi_aclk and clk_out1_bd_ab_bd_clk_tx_0_1 are found related (timed together) but have no common (expandable) period
Related violations: <none>

TIMING-8#2 Critical Warning
No common period between related clocks  
The clocks clk_out1_bd_ab_bd_clk_tx_0_1 and bd_xdma_axi_aclk are found related (timed together) but have no common (expandable) period
Related violations: <none>

TIMING-51#1 Critical Warning
No common phase between related clocks from parallel CMBs  
The clocks bd_xdma_axi_aclk and clk_out1_bd_ab_bd_clk_tx_0_1 are timed together but have no phase relationship. The design could fail in hardware. The clocks originate from two parallel Clock Modifying Blocks and at least one of the MMCM or PLLs clock dividers is not set to 1. To be safely timed, all MMCMs or PLLs involved in parallel clocking must have the clock divider set to 1.
Related violations: <none>

TIMING-51#2 Critical Warning
No common phase between related clocks from parallel CMBs  
The clocks clk_out1_bd_ab_bd_clk_tx_0_1 and bd_xdma_axi_aclk are timed together but have no phase relationship. The design could fail in hardware. The clocks originate from two parallel Clock Modifying Blocks and at least one of the MMCM or PLLs clock dividers is not set to 1. To be safely timed, all MMCMs or PLLs involved in parallel clocking must have the clock divider set to 1.
Related violations: <none>

LUTAR-1#1 Warning
LUT drives async reset alert  
LUT cell bd_ab_i/bd_xdma/inst/pcie4_ip_i/inst/bd_ab_bd_xdma_0_pcie4_ip_gt_top_i/diablo_gt.diablo_gt_phy_wrapper/gt_wizard.gtwizard_top_i/bd_ab_bd_xdma_0_pcie4_ip_gt_i/inst/gen_gtwizard_gtye4_top.bd_ab_bd_xdma_0_pcie4_ip_gt_gtwizard_gtye4_inst/gen_gtwizard_gtye4.gen_cpll_cal_gtye4.gen_cpll_cal_inst[7].gen_inst_cpll_cal.gtwizard_ultrascale_v1_7_20_gtye4_cpll_cal_inst/reset_synchronizer_resetin_tx_inst/rst_in_meta_i_1, with 2 or more inputs, drives asynchronous preset/clear pin(s) bd_ab_i/bd_xdma/inst/pcie4_ip_i/inst/bd_ab_bd_xdma_0_pcie4_ip_gt_top_i/diablo_gt.diablo_gt_phy_wrapper/gt_wizard.gtwizard_top_i/bd_ab_bd_xdma_0_pcie4_ip_gt_i/inst/gen_gtwizard_gtye4_top.bd_ab_bd_xdma_0_pcie4_ip_gt_gtwizard_gtye4_inst/gen_gtwizard_gtye4.gen_cpll_cal_gtye4.gen_cpll_cal_inst[5].gen_inst_cpll_cal.gtwizard_ultrascale_v1_7_20_gtye4_cpll_cal_inst/reset_synchronizer_resetin_tx_inst/rst_in_meta_reg/PRE,
bd_ab_i/bd_xdma/inst/pcie4_ip_i/inst/bd_ab_bd_xdma_0_pcie4_ip_gt_top_i/diablo_gt.diablo_gt_phy_wrapper/gt_wizard.gtwizard_top_i/bd_ab_bd_xdma_0_pcie4_ip_gt_i/inst/gen_gtwizard_gtye4_top.bd_ab_bd_xdma_0_pcie4_ip_gt_gtwizard_gtye4_inst/gen_gtwizard_gtye4.gen_cpll_cal_gtye4.gen_cpll_cal_inst[5].gen_inst_cpll_cal.gtwizard_ultrascale_v1_7_20_gtye4_cpll_cal_inst/reset_synchronizer_resetin_tx_inst/rst_in_out_reg/PRE,
bd_ab_i/bd_xdma/inst/pcie4_ip_i/inst/bd_ab_bd_xdma_0_pcie4_ip_gt_top_i/diablo_gt.diablo_gt_phy_wrapper/gt_wizard.gtwizard_top_i/bd_ab_bd_xdma_0_pcie4_ip_gt_i/inst/gen_gtwizard_gtye4_top.bd_ab_bd_xdma_0_pcie4_ip_gt_gtwizard_gtye4_inst/gen_gtwizard_gtye4.gen_cpll_cal_gtye4.gen_cpll_cal_inst[5].gen_inst_cpll_cal.gtwizard_ultrascale_v1_7_20_gtye4_cpll_cal_inst/reset_synchronizer_resetin_tx_inst/rst_in_sync1_reg/PRE,
bd_ab_i/bd_xdma/inst/pcie4_ip_i/inst/bd_ab_bd_xdma_0_pcie4_ip_gt_top_i/diablo_gt.diablo_gt_phy_wrapper/gt_wizard.gtwizard_top_i/bd_ab_bd_xdma_0_pcie4_ip_gt_i/inst/gen_gtwizard_gtye4_top.bd_ab_bd_xdma_0_pcie4_ip_gt_gtwizard_gtye4_inst/gen_gtwizard_gtye4.gen_cpll_cal_gtye4.gen_cpll_cal_inst[5].gen_inst_cpll_cal.gtwizard_ultrascale_v1_7_20_gtye4_cpll_cal_inst/reset_synchronizer_resetin_tx_inst/rst_in_sync2_reg/PRE,
bd_ab_i/bd_xdma/inst/pcie4_ip_i/inst/bd_ab_bd_xdma_0_pcie4_ip_gt_top_i/diablo_gt.diablo_gt_phy_wrapper/gt_wizard.gtwizard_top_i/bd_ab_bd_xdma_0_pcie4_ip_gt_i/inst/gen_gtwizard_gtye4_top.bd_ab_bd_xdma_0_pcie4_ip_gt_gtwizard_gtye4_inst/gen_gtwizard_gtye4.gen_cpll_cal_gtye4.gen_cpll_cal_inst[5].gen_inst_cpll_cal.gtwizard_ultrascale_v1_7_20_gtye4_cpll_cal_inst/reset_synchronizer_resetin_tx_inst/rst_in_sync3_reg/PRE,
bd_ab_i/bd_xdma/inst/pcie4_ip_i/inst/bd_ab_bd_xdma_0_pcie4_ip_gt_top_i/diablo_gt.diablo_gt_phy_wrapper/gt_wizard.gtwizard_top_i/bd_ab_bd_xdma_0_pcie4_ip_gt_i/inst/gen_gtwizard_gtye4_top.bd_ab_bd_xdma_0_pcie4_ip_gt_gtwizard_gtye4_inst/gen_gtwizard_gtye4.gen_cpll_cal_gtye4.gen_cpll_cal_inst[6].gen_inst_cpll_cal.gtwizard_ultrascale_v1_7_20_gtye4_cpll_cal_inst/reset_synchronizer_resetin_tx_inst/rst_in_meta_reg/PRE,
bd_ab_i/bd_xdma/inst/pcie4_ip_i/inst/bd_ab_bd_xdma_0_pcie4_ip_gt_top_i/diablo_gt.diablo_gt_phy_wrapper/gt_wizard.gtwizard_top_i/bd_ab_bd_xdma_0_pcie4_ip_gt_i/inst/gen_gtwizard_gtye4_top.bd_ab_bd_xdma_0_pcie4_ip_gt_gtwizard_gtye4_inst/gen_gtwizard_gtye4.gen_cpll_cal_gtye4.gen_cpll_cal_inst[6].gen_inst_cpll_cal.gtwizard_ultrascale_v1_7_20_gtye4_cpll_cal_inst/reset_synchronizer_resetin_tx_inst/rst_in_out_reg/PRE,
bd_ab_i/bd_xdma/inst/pcie4_ip_i/inst/bd_ab_bd_xdma_0_pcie4_ip_gt_top_i/diablo_gt.diablo_gt_phy_wrapper/gt_wizard.gtwizard_top_i/bd_ab_bd_xdma_0_pcie4_ip_gt_i/inst/gen_gtwizard_gtye4_top.bd_ab_bd_xdma_0_pcie4_ip_gt_gtwizard_gtye4_inst/gen_gtwizard_gtye4.gen_cpll_cal_gtye4.gen_cpll_cal_inst[6].gen_inst_cpll_cal.gtwizard_ultrascale_v1_7_20_gtye4_cpll_cal_inst/reset_synchronizer_resetin_tx_inst/rst_in_sync1_reg/PRE,
bd_ab_i/bd_xdma/inst/pcie4_ip_i/inst/bd_ab_bd_xdma_0_pcie4_ip_gt_top_i/diablo_gt.diablo_gt_phy_wrapper/gt_wizard.gtwizard_top_i/bd_ab_bd_xdma_0_pcie4_ip_gt_i/inst/gen_gtwizard_gtye4_top.bd_ab_bd_xdma_0_pcie4_ip_gt_gtwizard_gtye4_inst/gen_gtwizard_gtye4.gen_cpll_cal_gtye4.gen_cpll_cal_inst[6].gen_inst_cpll_cal.gtwizard_ultrascale_v1_7_20_gtye4_cpll_cal_inst/reset_synchronizer_resetin_tx_inst/rst_in_sync2_reg/PRE,
bd_ab_i/bd_xdma/inst/pcie4_ip_i/inst/bd_ab_bd_xdma_0_pcie4_ip_gt_top_i/diablo_gt.diablo_gt_phy_wrapper/gt_wizard.gtwizard_top_i/bd_ab_bd_xdma_0_pcie4_ip_gt_i/inst/gen_gtwizard_gtye4_top.bd_ab_bd_xdma_0_pcie4_ip_gt_gtwizard_gtye4_inst/gen_gtwizard_gtye4.gen_cpll_cal_gtye4.gen_cpll_cal_inst[6].gen_inst_cpll_cal.gtwizard_ultrascale_v1_7_20_gtye4_cpll_cal_inst/reset_synchronizer_resetin_tx_inst/rst_in_sync3_reg/PRE,
bd_ab_i/bd_xdma/inst/pcie4_ip_i/inst/bd_ab_bd_xdma_0_pcie4_ip_gt_top_i/diablo_gt.diablo_gt_phy_wrapper/gt_wizard.gtwizard_top_i/bd_ab_bd_xdma_0_pcie4_ip_gt_i/inst/gen_gtwizard_gtye4_top.bd_ab_bd_xdma_0_pcie4_ip_gt_gtwizard_gtye4_inst/gen_gtwizard_gtye4.gen_cpll_cal_gtye4.gen_cpll_cal_inst[7].gen_inst_cpll_cal.gtwizard_ultrascale_v1_7_20_gtye4_cpll_cal_inst/reset_synchronizer_resetin_tx_inst/rst_in_meta_reg/PRE,
bd_ab_i/bd_xdma/inst/pcie4_ip_i/inst/bd_ab_bd_xdma_0_pcie4_ip_gt_top_i/diablo_gt.diablo_gt_phy_wrapper/gt_wizard.gtwizard_top_i/bd_ab_bd_xdma_0_pcie4_ip_gt_i/inst/gen_gtwizard_gtye4_top.bd_ab_bd_xdma_0_pcie4_ip_gt_gtwizard_gtye4_inst/gen_gtwizard_gtye4.gen_cpll_cal_gtye4.gen_cpll_cal_inst[7].gen_inst_cpll_cal.gtwizard_ultrascale_v1_7_20_gtye4_cpll_cal_inst/reset_synchronizer_resetin_tx_inst/rst_in_out_reg/PRE,
bd_ab_i/bd_xdma/inst/pcie4_ip_i/inst/bd_ab_bd_xdma_0_pcie4_ip_gt_top_i/diablo_gt.diablo_gt_phy_wrapper/gt_wizard.gtwizard_top_i/bd_ab_bd_xdma_0_pcie4_ip_gt_i/inst/gen_gtwizard_gtye4_top.bd_ab_bd_xdma_0_pcie4_ip_gt_gtwizard_gtye4_inst/gen_gtwizard_gtye4.gen_cpll_cal_gtye4.gen_cpll_cal_inst[7].gen_inst_cpll_cal.gtwizard_ultrascale_v1_7_20_gtye4_cpll_cal_inst/reset_synchronizer_resetin_tx_inst/rst_in_sync1_reg/PRE,
bd_ab_i/bd_xdma/inst/pcie4_ip_i/inst/bd_ab_bd_xdma_0_pcie4_ip_gt_top_i/diablo_gt.diablo_gt_phy_wrapper/gt_wizard.gtwizard_top_i/bd_ab_bd_xdma_0_pcie4_ip_gt_i/inst/gen_gtwizard_gtye4_top.bd_ab_bd_xdma_0_pcie4_ip_gt_gtwizard_gtye4_inst/gen_gtwizard_gtye4.gen_cpll_cal_gtye4.gen_cpll_cal_inst[7].gen_inst_cpll_cal.gtwizard_ultrascale_v1_7_20_gtye4_cpll_cal_inst/reset_synchronizer_resetin_tx_inst/rst_in_sync2_reg/PRE,
bd_ab_i/bd_xdma/inst/pcie4_ip_i/inst/bd_ab_bd_xdma_0_pcie4_ip_gt_top_i/diablo_gt.diablo_gt_phy_wrapper/gt_wizard.gtwizard_top_i/bd_ab_bd_xdma_0_pcie4_ip_gt_i/inst/gen_gtwizard_gtye4_top.bd_ab_bd_xdma_0_pcie4_ip_gt_gtwizard_gtye4_inst/gen_gtwizard_gtye4.gen_cpll_cal_gtye4.gen_cpll_cal_inst[7].gen_inst_cpll_cal.gtwizard_ultrascale_v1_7_20_gtye4_cpll_cal_inst/reset_synchronizer_resetin_tx_inst/rst_in_sync3_reg/PRE
 (the first 15 of 40 listed). The LUT may glitch and trigger an unexpected reset, even if it is a properly timed path.
Related violations: <none>

LUTAR-1#2 Warning
LUT drives async reset alert  
LUT cell bd_ab_i/bd_xdma/inst/pcie4_ip_i/inst/bd_ab_bd_xdma_0_pcie4_ip_gt_top_i/diablo_gt.diablo_gt_phy_wrapper/gt_wizard.gtwizard_top_i/intclk_rrst_n_r[4]_i_1, with 2 or more inputs, drives asynchronous preset/clear pin(s) bd_ab_i/bd_xdma/inst/pcie4_ip_i/inst/bd_ab_bd_xdma_0_pcie4_ip_gt_top_i/diablo_gt.diablo_gt_phy_wrapper/phy_rst_i/intclk_rrst_n_r_reg[0]/CLR,
bd_ab_i/bd_xdma/inst/pcie4_ip_i/inst/bd_ab_bd_xdma_0_pcie4_ip_gt_top_i/diablo_gt.diablo_gt_phy_wrapper/phy_rst_i/intclk_rrst_n_r_reg[1]/CLR,
bd_ab_i/bd_xdma/inst/pcie4_ip_i/inst/bd_ab_bd_xdma_0_pcie4_ip_gt_top_i/diablo_gt.diablo_gt_phy_wrapper/phy_rst_i/intclk_rrst_n_r_reg[2]/CLR,
bd_ab_i/bd_xdma/inst/pcie4_ip_i/inst/bd_ab_bd_xdma_0_pcie4_ip_gt_top_i/diablo_gt.diablo_gt_phy_wrapper/phy_rst_i/intclk_rrst_n_r_reg[3]/CLR
bd_ab_i/bd_xdma/inst/pcie4_ip_i/inst/bd_ab_bd_xdma_0_pcie4_ip_gt_top_i/diablo_gt.diablo_gt_phy_wrapper/phy_rst_i/intclk_rrst_n_r_reg[4]/CLR. The LUT may glitch and trigger an unexpected reset, even if it is a properly timed path.
Related violations: <none>

LUTAR-1#3 Warning
LUT drives async reset alert  
LUT cell bd_ab_i/bd_xdma/inst/pcie4_ip_i/inst/bd_ab_bd_xdma_0_pcie4_ip_gt_top_i/diablo_gt.diablo_gt_phy_wrapper/phy_rst_i/bufg_gt_userclk_i_2, with 2 or more inputs, drives asynchronous preset/clear pin(s) bd_ab_i/bd_xdma/inst/pcie4_ip_i/inst/bd_ab_bd_xdma_0_pcie4_ip_gt_top_i/diablo_gt.diablo_gt_phy_wrapper/gt_wizard.gtwizard_top_i/bd_ab_bd_xdma_0_pcie4_ip_gt_i/inst/gen_gtwizard_gtye4_top.bd_ab_bd_xdma_0_pcie4_ip_gt_gtwizard_gtye4_inst/gen_gtwizard_gtye4.gen_channel_container[1].gen_enabled_channel.gtye4_channel_wrapper_inst/channel_inst/BUFG_GT_SYNC_3/CLR. The LUT may glitch and trigger an unexpected reset, even if it is a properly timed path.
Related violations: <none>

LUTAR-1#4 Warning
LUT drives async reset alert  
LUT cell bd_ab_i/bd_xdma/inst/pcie4_ip_i/inst/bd_ab_bd_xdma_0_pcie4_ip_pcie_4_0_pipe_inst/sys_or_hot_rst_uclk_inst_i_1, with 2 or more inputs, drives asynchronous preset/clear pin(s) bd_ab_i/bd_xdma/inst/pcie4_ip_i/inst/sys_or_hot_rst_pclk_inst/arststages_ff_reg[0]/PRE,
bd_ab_i/bd_xdma/inst/pcie4_ip_i/inst/sys_or_hot_rst_pclk_inst/arststages_ff_reg[1]/PRE,
bd_ab_i/bd_xdma/inst/pcie4_ip_i/inst/sys_or_hot_rst_uclk_inst/arststages_ff_reg[0]/PRE
bd_ab_i/bd_xdma/inst/pcie4_ip_i/inst/sys_or_hot_rst_uclk_inst/arststages_ff_reg[1]/PRE. The LUT may glitch and trigger an unexpected reset, even if it is a properly timed path.
Related violations: <none>

LUTAR-1#5 Warning
LUT drives async reset alert  
LUT cell bd_ab_i/bd_xdma/inst/pcie4_ip_i/inst/bd_ab_bd_xdma_0_pcie4_ip_pcie_4_0_pipe_inst/user_lnk_up_cdc_i_1, with 2 or more inputs, drives asynchronous preset/clear pin(s) bd_ab_i/bd_xdma/inst/pcie4_ip_i/inst/user_lnk_up_cdc/arststages_ff_reg[0]/CLR
bd_ab_i/bd_xdma/inst/pcie4_ip_i/inst/user_lnk_up_cdc/arststages_ff_reg[1]/CLR. The LUT may glitch and trigger an unexpected reset, even if it is a properly timed path.
Related violations: <none>

LUTAR-1#6 Warning
LUT drives async reset alert  
LUT cell bd_ab_i/bd_xdma/inst/pcie4_ip_i/inst/bd_ab_bd_xdma_0_pcie4_ip_pcie_4_0_pipe_inst/user_lnk_up_i_1, with 2 or more inputs, drives asynchronous preset/clear pin(s) bd_ab_i/bd_xdma/inst/pcie4_ip_i/inst/user_lnk_up_reg/CLR. The LUT may glitch and trigger an unexpected reset, even if it is a properly timed path.
Related violations: <none>

LUTAR-1#7 Warning
LUT drives async reset alert  
LUT cell bd_ab_i/bd_xdma/inst/pcie4_ip_i/inst/bd_ab_bd_xdma_0_pcie4_ip_pcie_4_0_pipe_inst/user_reset_i_1, with 2 or more inputs, drives asynchronous preset/clear pin(s) bd_ab_i/bd_xdma/inst/pcie4_ip_i/inst/user_reset_cdc/arststages_ff_reg[0]/PRE,
bd_ab_i/bd_xdma/inst/pcie4_ip_i/inst/user_reset_cdc/arststages_ff_reg[1]/PRE
bd_ab_i/bd_xdma/inst/pcie4_ip_i/inst/user_reset_reg/PRE. The LUT may glitch and trigger an unexpected reset, even if it is a properly timed path.
Related violations: <none>

TIMING-9#1 Warning
Unknown CDC Logic  
One or more asynchronous Clock Domain Crossing has been detected between 2 clock domains through a set_false_path or a set_clock_groups or set_max_delay -datapath_only constraint but no double-registers logic synchronizer has been found on the side of the capture clock. It is recommended to run report_cdc for a complete and detailed CDC coverage. Please consider using XPM_CDC to avoid Critical severities
Related violations: <none>

TIMING-16#1 Warning
Large setup violation  
There is a large setup violation of -1.422 ns between bd_ab_i/bd_ab_top/inst/u_ab/u_regs/cfg_reg[0][0]/C (clocked by bd_xdma_axi_aclk) and bd_ab_i/bd_ab_top/inst/u_ab/en_s1_reg/D (clocked by clk_out1_bd_ab_bd_clk_tx_0_1). Large setup violations at the end of those stages might be difficult to fix during the post-placement implementation flow and could be the result of non-optimal XDC constraints or non-optimal design architecture
Related violations: <none>

TIMING-16#2 Warning
Large setup violation  
There is a large setup violation of -1.444 ns between bd_ab_i/bd_ab_top/inst/u_ab/u_cdc_clr/tgl_reg/C (clocked by bd_xdma_axi_aclk) and bd_ab_i/bd_ab_top/inst/u_ab/u_cdc_clr/sync1_reg/D (clocked by clk_out1_bd_ab_bd_clk_tx_0_1). Large setup violations at the end of those stages might be difficult to fix during the post-placement implementation flow and could be the result of non-optimal XDC constraints or non-optimal design architecture
Related violations: <none>

TIMING-16#3 Warning
Large setup violation  
There is a large setup violation of -2.283 ns between bd_ab_i/bd_ab_top/inst/u_ab/u_cc/cnt_gray_reg[31]/C (clocked by clk_out1_bd_ab_bd_clk_tx_0_1) and bd_ab_i/bd_ab_top/inst/u_ab/u_cc/g_s1_reg[31]/D (clocked by bd_xdma_axi_aclk). Large setup violations at the end of those stages might be difficult to fix during the post-placement implementation flow and could be the result of non-optimal XDC constraints or non-optimal design architecture
Related violations: <none>

TIMING-16#4 Warning
Large setup violation  
There is a large setup violation of -2.311 ns between bd_ab_i/bd_ab_top/inst/u_ab/u_cc/cnt_gray_reg[10]/C (clocked by clk_out1_bd_ab_bd_clk_tx_0_1) and bd_ab_i/bd_ab_top/inst/u_ab/u_cc/g_s1_reg[10]/D (clocked by bd_xdma_axi_aclk). Large setup violations at the end of those stages might be difficult to fix during the post-placement implementation flow and could be the result of non-optimal XDC constraints or non-optimal design architecture
Related violations: <none>

TIMING-16#5 Warning
Large setup violation  
There is a large setup violation of -2.312 ns between bd_ab_i/bd_ab_top/inst/u_ab/u_cc/cnt_gray_reg[12]/C (clocked by clk_out1_bd_ab_bd_clk_tx_0_1) and bd_ab_i/bd_ab_top/inst/u_ab/u_cc/g_s1_reg[12]/D (clocked by bd_xdma_axi_aclk). Large setup violations at the end of those stages might be difficult to fix during the post-placement implementation flow and could be the result of non-optimal XDC constraints or non-optimal design architecture
Related violations: <none>

TIMING-16#6 Warning
Large setup violation  
There is a large setup violation of -2.314 ns between bd_ab_i/bd_ab_top/inst/u_ab/u_cc/cnt_gray_reg[24]/C (clocked by clk_out1_bd_ab_bd_clk_tx_0_1) and bd_ab_i/bd_ab_top/inst/u_ab/u_cc/g_s1_reg[24]/D (clocked by bd_xdma_axi_aclk). Large setup violations at the end of those stages might be difficult to fix during the post-placement implementation flow and could be the result of non-optimal XDC constraints or non-optimal design architecture
Related violations: <none>

TIMING-16#7 Warning
Large setup violation  
There is a large setup violation of -2.315 ns between bd_ab_i/bd_ab_top/inst/u_ab/u_cc/cnt_gray_reg[15]/C (clocked by clk_out1_bd_ab_bd_clk_tx_0_1) and bd_ab_i/bd_ab_top/inst/u_ab/u_cc/g_s1_reg[15]/D (clocked by bd_xdma_axi_aclk). Large setup violations at the end of those stages might be difficult to fix during the post-placement implementation flow and could be the result of non-optimal XDC constraints or non-optimal design architecture
Related violations: <none>

TIMING-16#8 Warning
Large setup violation  
There is a large setup violation of -2.320 ns between bd_ab_i/bd_ab_top/inst/u_ab/u_cc/cnt_gray_reg[14]/C (clocked by clk_out1_bd_ab_bd_clk_tx_0_1) and bd_ab_i/bd_ab_top/inst/u_ab/u_cc/g_s1_reg[14]/D (clocked by bd_xdma_axi_aclk). Large setup violations at the end of those stages might be difficult to fix during the post-placement implementation flow and could be the result of non-optimal XDC constraints or non-optimal design architecture
Related violations: <none>

TIMING-16#9 Warning
Large setup violation  
There is a large setup violation of -2.327 ns between bd_ab_i/bd_ab_top/inst/u_ab/u_cc/cnt_gray_reg[7]/C (clocked by clk_out1_bd_ab_bd_clk_tx_0_1) and bd_ab_i/bd_ab_top/inst/u_ab/u_cc/g_s1_reg[7]/D (clocked by bd_xdma_axi_aclk). Large setup violations at the end of those stages might be difficult to fix during the post-placement implementation flow and could be the result of non-optimal XDC constraints or non-optimal design architecture
Related violations: <none>

TIMING-16#10 Warning
Large setup violation  
There is a large setup violation of -2.327 ns between bd_ab_i/bd_ab_top/inst/u_ab/u_cc/cnt_gray_reg[8]/C (clocked by clk_out1_bd_ab_bd_clk_tx_0_1) and bd_ab_i/bd_ab_top/inst/u_ab/u_cc/g_s1_reg[8]/D (clocked by bd_xdma_axi_aclk). Large setup violations at the end of those stages might be difficult to fix during the post-placement implementation flow and could be the result of non-optimal XDC constraints or non-optimal design architecture
Related violations: <none>

TIMING-16#11 Warning
Large setup violation  
There is a large setup violation of -2.332 ns between bd_ab_i/bd_ab_top/inst/u_ab/u_cc/cnt_gray_reg[17]/C (clocked by clk_out1_bd_ab_bd_clk_tx_0_1) and bd_ab_i/bd_ab_top/inst/u_ab/u_cc/g_s1_reg[17]/D (clocked by bd_xdma_axi_aclk). Large setup violations at the end of those stages might be difficult to fix during the post-placement implementation flow and could be the result of non-optimal XDC constraints or non-optimal design architecture
Related violations: <none>

TIMING-16#12 Warning
Large setup violation  
There is a large setup violation of -2.332 ns between bd_ab_i/bd_ab_top/inst/u_ab/u_cc/cnt_gray_reg[18]/C (clocked by clk_out1_bd_ab_bd_clk_tx_0_1) and bd_ab_i/bd_ab_top/inst/u_ab/u_cc/g_s1_reg[18]/D (clocked by bd_xdma_axi_aclk). Large setup violations at the end of those stages might be difficult to fix during the post-placement implementation flow and could be the result of non-optimal XDC constraints or non-optimal design architecture
Related violations: <none>

TIMING-16#13 Warning
Large setup violation  
There is a large setup violation of -2.332 ns between bd_ab_i/bd_ab_top/inst/u_ab/u_cc/cnt_gray_reg[25]/C (clocked by clk_out1_bd_ab_bd_clk_tx_0_1) and bd_ab_i/bd_ab_top/inst/u_ab/u_cc/g_s1_reg[25]/D (clocked by bd_xdma_axi_aclk). Large setup violations at the end of those stages might be difficult to fix during the post-placement implementation flow and could be the result of non-optimal XDC constraints or non-optimal design architecture
Related violations: <none>

TIMING-16#14 Warning
Large setup violation  
There is a large setup violation of -2.333 ns between bd_ab_i/bd_ab_top/inst/u_ab/u_cc/cnt_gray_reg[1]/C (clocked by clk_out1_bd_ab_bd_clk_tx_0_1) and bd_ab_i/bd_ab_top/inst/u_ab/u_cc/g_s1_reg[1]/D (clocked by bd_xdma_axi_aclk). Large setup violations at the end of those stages might be difficult to fix during the post-placement implementation flow and could be the result of non-optimal XDC constraints or non-optimal design architecture
Related violations: <none>

TIMING-16#15 Warning
Large setup violation  
There is a large setup violation of -2.339 ns between bd_ab_i/bd_ab_top/inst/u_ab/u_cc/cnt_gray_reg[27]/C (clocked by clk_out1_bd_ab_bd_clk_tx_0_1) and bd_ab_i/bd_ab_top/inst/u_ab/u_cc/g_s1_reg[27]/D (clocked by bd_xdma_axi_aclk). Large setup violations at the end of those stages might be difficult to fix during the post-placement implementation flow and could be the result of non-optimal XDC constraints or non-optimal design architecture
Related violations: <none>

TIMING-16#16 Warning
Large setup violation  
There is a large setup violation of -2.339 ns between bd_ab_i/bd_ab_top/inst/u_ab/u_cc/cnt_gray_reg[28]/C (clocked by clk_out1_bd_ab_bd_clk_tx_0_1) and bd_ab_i/bd_ab_top/inst/u_ab/u_cc/g_s1_reg[28]/D (clocked by bd_xdma_axi_aclk). Large setup violations at the end of those stages might be difficult to fix during the post-placement implementation flow and could be the result of non-optimal XDC constraints or non-optimal design architecture
Related violations: <none>

TIMING-16#17 Warning
Large setup violation  
There is a large setup violation of -2.339 ns between bd_ab_i/bd_ab_top/inst/u_ab/u_cc/cnt_gray_reg[3]/C (clocked by clk_out1_bd_ab_bd_clk_tx_0_1) and bd_ab_i/bd_ab_top/inst/u_ab/u_cc/g_s1_reg[3]/D (clocked by bd_xdma_axi_aclk). Large setup violations at the end of those stages might be difficult to fix during the post-placement implementation flow and could be the result of non-optimal XDC constraints or non-optimal design architecture
Related violations: <none>

TIMING-16#18 Warning
Large setup violation  
There is a large setup violation of -2.339 ns between bd_ab_i/bd_ab_top/inst/u_ab/u_cc/cnt_gray_reg[4]/C (clocked by clk_out1_bd_ab_bd_clk_tx_0_1) and bd_ab_i/bd_ab_top/inst/u_ab/u_cc/g_s1_reg[4]/D (clocked by bd_xdma_axi_aclk). Large setup violations at the end of those stages might be difficult to fix during the post-placement implementation flow and could be the result of non-optimal XDC constraints or non-optimal design architecture
Related violations: <none>

TIMING-16#19 Warning
Large setup violation  
There is a large setup violation of -2.343 ns between bd_ab_i/bd_ab_top/inst/u_ab/u_cc/cnt_gray_reg[21]/C (clocked by clk_out1_bd_ab_bd_clk_tx_0_1) and bd_ab_i/bd_ab_top/inst/u_ab/u_cc/g_s1_reg[21]/D (clocked by bd_xdma_axi_aclk). Large setup violations at the end of those stages might be difficult to fix during the post-placement implementation flow and could be the result of non-optimal XDC constraints or non-optimal design architecture
Related violations: <none>

TIMING-16#20 Warning
Large setup violation  
There is a large setup violation of -2.343 ns between bd_ab_i/bd_ab_top/inst/u_ab/u_cc/cnt_gray_reg[22]/C (clocked by clk_out1_bd_ab_bd_clk_tx_0_1) and bd_ab_i/bd_ab_top/inst/u_ab/u_cc/g_s1_reg[22]/D (clocked by bd_xdma_axi_aclk). Large setup violations at the end of those stages might be difficult to fix during the post-placement implementation flow and could be the result of non-optimal XDC constraints or non-optimal design architecture
Related violations: <none>

TIMING-16#21 Warning
Large setup violation  
There is a large setup violation of -2.359 ns between bd_ab_i/bd_ab_top/inst/u_ab/u_cc/cnt_gray_reg[13]/C (clocked by clk_out1_bd_ab_bd_clk_tx_0_1) and bd_ab_i/bd_ab_top/inst/u_ab/u_cc/g_s1_reg[13]/D (clocked by bd_xdma_axi_aclk). Large setup violations at the end of those stages might be difficult to fix during the post-placement implementation flow and could be the result of non-optimal XDC constraints or non-optimal design architecture
Related violations: <none>

TIMING-16#22 Warning
Large setup violation  
There is a large setup violation of -2.361 ns between bd_ab_i/bd_ab_top/inst/u_ab/u_cc/cnt_gray_reg[11]/C (clocked by clk_out1_bd_ab_bd_clk_tx_0_1) and bd_ab_i/bd_ab_top/inst/u_ab/u_cc/g_s1_reg[11]/D (clocked by bd_xdma_axi_aclk). Large setup violations at the end of those stages might be difficult to fix during the post-placement implementation flow and could be the result of non-optimal XDC constraints or non-optimal design architecture
Related violations: <none>

TIMING-16#23 Warning
Large setup violation  
There is a large setup violation of -2.362 ns between bd_ab_i/bd_ab_top/inst/u_ab/u_cc/cnt_gray_reg[29]/C (clocked by clk_out1_bd_ab_bd_clk_tx_0_1) and bd_ab_i/bd_ab_top/inst/u_ab/u_cc/g_s1_reg[29]/D (clocked by bd_xdma_axi_aclk). Large setup violations at the end of those stages might be difficult to fix during the post-placement implementation flow and could be the result of non-optimal XDC constraints or non-optimal design architecture
Related violations: <none>

TIMING-16#24 Warning
Large setup violation  
There is a large setup violation of -2.362 ns between bd_ab_i/bd_ab_top/inst/u_ab/u_cc/cnt_gray_reg[5]/C (clocked by clk_out1_bd_ab_bd_clk_tx_0_1) and bd_ab_i/bd_ab_top/inst/u_ab/u_cc/g_s1_reg[5]/D (clocked by bd_xdma_axi_aclk). Large setup violations at the end of those stages might be difficult to fix during the post-placement implementation flow and could be the result of non-optimal XDC constraints or non-optimal design architecture
Related violations: <none>

TIMING-16#25 Warning
Large setup violation  
There is a large setup violation of -2.362 ns between bd_ab_i/bd_ab_top/inst/u_ab/u_cc/cnt_gray_reg[6]/C (clocked by clk_out1_bd_ab_bd_clk_tx_0_1) and bd_ab_i/bd_ab_top/inst/u_ab/u_cc/g_s1_reg[6]/D (clocked by bd_xdma_axi_aclk). Large setup violations at the end of those stages might be difficult to fix during the post-placement implementation flow and could be the result of non-optimal XDC constraints or non-optimal design architecture
Related violations: <none>

TIMING-16#26 Warning
Large setup violation  
There is a large setup violation of -2.366 ns between bd_ab_i/bd_ab_top/inst/u_ab/u_cc/cnt_gray_reg[30]/C (clocked by clk_out1_bd_ab_bd_clk_tx_0_1) and bd_ab_i/bd_ab_top/inst/u_ab/u_cc/g_s1_reg[30]/D (clocked by bd_xdma_axi_aclk). Large setup violations at the end of those stages might be difficult to fix during the post-placement implementation flow and could be the result of non-optimal XDC constraints or non-optimal design architecture
Related violations: <none>

TIMING-16#27 Warning
Large setup violation  
There is a large setup violation of -2.367 ns between bd_ab_i/bd_ab_top/inst/u_ab/u_cc/cnt_gray_reg[16]/C (clocked by clk_out1_bd_ab_bd_clk_tx_0_1) and bd_ab_i/bd_ab_top/inst/u_ab/u_cc/g_s1_reg[16]/D (clocked by bd_xdma_axi_aclk). Large setup violations at the end of those stages might be difficult to fix during the post-placement implementation flow and could be the result of non-optimal XDC constraints or non-optimal design architecture
Related violations: <none>

TIMING-16#28 Warning
Large setup violation  
There is a large setup violation of -2.374 ns between bd_ab_i/bd_ab_top/inst/u_ab/u_cc/cnt_gray_reg[26]/C (clocked by clk_out1_bd_ab_bd_clk_tx_0_1) and bd_ab_i/bd_ab_top/inst/u_ab/u_cc/g_s1_reg[26]/D (clocked by bd_xdma_axi_aclk). Large setup violations at the end of those stages might be difficult to fix during the post-placement implementation flow and could be the result of non-optimal XDC constraints or non-optimal design architecture
Related violations: <none>

TIMING-16#29 Warning
Large setup violation  
There is a large setup violation of -2.374 ns between bd_ab_i/bd_ab_top/inst/u_ab/u_cc/cnt_gray_reg[2]/C (clocked by clk_out1_bd_ab_bd_clk_tx_0_1) and bd_ab_i/bd_ab_top/inst/u_ab/u_cc/g_s1_reg[2]/D (clocked by bd_xdma_axi_aclk). Large setup violations at the end of those stages might be difficult to fix during the post-placement implementation flow and could be the result of non-optimal XDC constraints or non-optimal design architecture
Related violations: <none>

TIMING-16#30 Warning
Large setup violation  
There is a large setup violation of -2.378 ns between bd_ab_i/bd_ab_top/inst/u_ab/frame_count_reg[16]/C (clocked by clk_out1_bd_ab_bd_clk_tx_0_1) and bd_ab_i/bd_ab_top/inst/u_ab/u_regs/rd_data_reg[16]/D (clocked by bd_xdma_axi_aclk). Large setup violations at the end of those stages might be difficult to fix during the post-placement implementation flow and could be the result of non-optimal XDC constraints or non-optimal design architecture
Related violations: <none>

TIMING-16#31 Warning
Large setup violation  
There is a large setup violation of -2.378 ns between bd_ab_i/bd_ab_top/inst/u_ab/u_cc/cnt_gray_reg[20]/C (clocked by clk_out1_bd_ab_bd_clk_tx_0_1) and bd_ab_i/bd_ab_top/inst/u_ab/u_cc/g_s1_reg[20]/D (clocked by bd_xdma_axi_aclk). Large setup violations at the end of those stages might be difficult to fix during the post-placement implementation flow and could be the result of non-optimal XDC constraints or non-optimal design architecture
Related violations: <none>

TIMING-16#32 Warning
Large setup violation  
There is a large setup violation of -2.382 ns between bd_ab_i/bd_ab_top/inst/u_ab/u_cc/cnt_gray_reg[0]/C (clocked by clk_out1_bd_ab_bd_clk_tx_0_1) and bd_ab_i/bd_ab_top/inst/u_ab/u_cc/g_s1_reg[0]/D (clocked by bd_xdma_axi_aclk). Large setup violations at the end of those stages might be difficult to fix during the post-placement implementation flow and could be the result of non-optimal XDC constraints or non-optimal design architecture
Related violations: <none>

TIMING-16#33 Warning
Large setup violation  
There is a large setup violation of -2.385 ns between bd_ab_i/bd_ab_top/inst/u_ab/u_cc/cnt_gray_reg[9]/C (clocked by clk_out1_bd_ab_bd_clk_tx_0_1) and bd_ab_i/bd_ab_top/inst/u_ab/u_cc/g_s1_reg[9]/D (clocked by bd_xdma_axi_aclk). Large setup violations at the end of those stages might be difficult to fix during the post-placement implementation flow and could be the result of non-optimal XDC constraints or non-optimal design architecture
Related violations: <none>

TIMING-16#34 Warning
Large setup violation  
There is a large setup violation of -2.387 ns between bd_ab_i/bd_ab_top/inst/u_ab/frame_count_reg[8]/C (clocked by clk_out1_bd_ab_bd_clk_tx_0_1) and bd_ab_i/bd_ab_top/inst/u_ab/u_regs/rd_data_reg[8]/D (clocked by bd_xdma_axi_aclk). Large setup violations at the end of those stages might be difficult to fix during the post-placement implementation flow and could be the result of non-optimal XDC constraints or non-optimal design architecture
Related violations: <none>

TIMING-16#35 Warning
Large setup violation  
There is a large setup violation of -2.390 ns between bd_ab_i/bd_ab_top/inst/u_ab/u_cc/cnt_gray_reg[19]/C (clocked by clk_out1_bd_ab_bd_clk_tx_0_1) and bd_ab_i/bd_ab_top/inst/u_ab/u_cc/g_s1_reg[19]/D (clocked by bd_xdma_axi_aclk). Large setup violations at the end of those stages might be difficult to fix during the post-placement implementation flow and could be the result of non-optimal XDC constraints or non-optimal design architecture
Related violations: <none>

TIMING-16#36 Warning
Large setup violation  
There is a large setup violation of -2.401 ns between bd_ab_i/bd_ab_top/inst/u_ab/u_cc/cnt_gray_reg[23]/C (clocked by clk_out1_bd_ab_bd_clk_tx_0_1) and bd_ab_i/bd_ab_top/inst/u_ab/u_cc/g_s1_reg[23]/D (clocked by bd_xdma_axi_aclk). Large setup violations at the end of those stages might be difficult to fix during the post-placement implementation flow and could be the result of non-optimal XDC constraints or non-optimal design architecture
Related violations: <none>

TIMING-16#37 Warning
Large setup violation  
There is a large setup violation of -2.428 ns between bd_ab_i/bd_ab_top/inst/u_ab/frame_count_reg[24]/C (clocked by clk_out1_bd_ab_bd_clk_tx_0_1) and bd_ab_i/bd_ab_top/inst/u_ab/u_regs/rd_data_reg[24]/D (clocked by bd_xdma_axi_aclk). Large setup violations at the end of those stages might be difficult to fix during the post-placement implementation flow and could be the result of non-optimal XDC constraints or non-optimal design architecture
Related violations: <none>

TIMING-16#38 Warning
Large setup violation  
There is a large setup violation of -2.455 ns between bd_ab_i/bd_ab_top/inst/u_ab/frame_count_reg[27]/C (clocked by clk_out1_bd_ab_bd_clk_tx_0_1) and bd_ab_i/bd_ab_top/inst/u_ab/u_regs/rd_data_reg[27]/D (clocked by bd_xdma_axi_aclk). Large setup violations at the end of those stages might be difficult to fix during the post-placement implementation flow and could be the result of non-optimal XDC constraints or non-optimal design architecture
Related violations: <none>

TIMING-16#39 Warning
Large setup violation  
There is a large setup violation of -2.468 ns between bd_ab_i/bd_ab_top/inst/u_ab/frame_count_reg[31]/C (clocked by clk_out1_bd_ab_bd_clk_tx_0_1) and bd_ab_i/bd_ab_top/inst/u_ab/u_regs/rd_data_reg[31]/D (clocked by bd_xdma_axi_aclk). Large setup violations at the end of those stages might be difficult to fix during the post-placement implementation flow and could be the result of non-optimal XDC constraints or non-optimal design architecture
Related violations: <none>

TIMING-16#40 Warning
Large setup violation  
There is a large setup violation of -2.470 ns between bd_ab_i/bd_ab_top/inst/u_ab/frame_count_reg[22]/C (clocked by clk_out1_bd_ab_bd_clk_tx_0_1) and bd_ab_i/bd_ab_top/inst/u_ab/u_regs/rd_data_reg[22]/D (clocked by bd_xdma_axi_aclk). Large setup violations at the end of those stages might be difficult to fix during the post-placement implementation flow and could be the result of non-optimal XDC constraints or non-optimal design architecture
Related violations: <none>

TIMING-16#41 Warning
Large setup violation  
There is a large setup violation of -2.478 ns between bd_ab_i/bd_ab_top/inst/u_ab/frame_count_reg[26]/C (clocked by clk_out1_bd_ab_bd_clk_tx_0_1) and bd_ab_i/bd_ab_top/inst/u_ab/u_regs/rd_data_reg[26]/D (clocked by bd_xdma_axi_aclk). Large setup violations at the end of those stages might be difficult to fix during the post-placement implementation flow and could be the result of non-optimal XDC constraints or non-optimal design architecture
Related violations: <none>

TIMING-16#42 Warning
Large setup violation  
There is a large setup violation of -2.480 ns between bd_ab_i/bd_ab_top/inst/u_ab/frame_count_reg[23]/C (clocked by clk_out1_bd_ab_bd_clk_tx_0_1) and bd_ab_i/bd_ab_top/inst/u_ab/u_regs/rd_data_reg[23]/D (clocked by bd_xdma_axi_aclk). Large setup violations at the end of those stages might be difficult to fix during the post-placement implementation flow and could be the result of non-optimal XDC constraints or non-optimal design architecture
Related violations: <none>

TIMING-16#43 Warning
Large setup violation  
There is a large setup violation of -2.504 ns between bd_ab_i/bd_ab_top/inst/u_ab/frame_count_reg[15]/C (clocked by clk_out1_bd_ab_bd_clk_tx_0_1) and bd_ab_i/bd_ab_top/inst/u_ab/u_regs/rd_data_reg[15]/D (clocked by bd_xdma_axi_aclk). Large setup violations at the end of those stages might be difficult to fix during the post-placement implementation flow and could be the result of non-optimal XDC constraints or non-optimal design architecture
Related violations: <none>

TIMING-16#44 Warning
Large setup violation  
There is a large setup violation of -2.508 ns between bd_ab_i/bd_ab_top/inst/u_ab/frame_count_reg[30]/C (clocked by clk_out1_bd_ab_bd_clk_tx_0_1) and bd_ab_i/bd_ab_top/inst/u_ab/u_regs/rd_data_reg[30]/D (clocked by bd_xdma_axi_aclk). Large setup violations at the end of those stages might be difficult to fix during the post-placement implementation flow and could be the result of non-optimal XDC constraints or non-optimal design architecture
Related violations: <none>

TIMING-16#45 Warning
Large setup violation  
There is a large setup violation of -2.509 ns between bd_ab_i/bd_ab_top/inst/u_ab/frame_count_reg[25]/C (clocked by clk_out1_bd_ab_bd_clk_tx_0_1) and bd_ab_i/bd_ab_top/inst/u_ab/u_regs/rd_data_reg[25]/D (clocked by bd_xdma_axi_aclk). Large setup violations at the end of those stages might be difficult to fix during the post-placement implementation flow and could be the result of non-optimal XDC constraints or non-optimal design architecture
Related violations: <none>

TIMING-16#46 Warning
Large setup violation  
There is a large setup violation of -2.509 ns between bd_ab_i/bd_ab_top/inst/u_ab/frame_count_reg[3]/C (clocked by clk_out1_bd_ab_bd_clk_tx_0_1) and bd_ab_i/bd_ab_top/inst/u_ab/u_regs/rd_data_reg[3]/D (clocked by bd_xdma_axi_aclk). Large setup violations at the end of those stages might be difficult to fix during the post-placement implementation flow and could be the result of non-optimal XDC constraints or non-optimal design architecture
Related violations: <none>

TIMING-16#47 Warning
Large setup violation  
There is a large setup violation of -2.510 ns between bd_ab_i/bd_ab_top/inst/u_ab/frame_count_reg[21]/C (clocked by clk_out1_bd_ab_bd_clk_tx_0_1) and bd_ab_i/bd_ab_top/inst/u_ab/u_regs/rd_data_reg[21]/D (clocked by bd_xdma_axi_aclk). Large setup violations at the end of those stages might be difficult to fix during the post-placement implementation flow and could be the result of non-optimal XDC constraints or non-optimal design architecture
Related violations: <none>

TIMING-16#48 Warning
Large setup violation  
There is a large setup violation of -2.513 ns between bd_ab_i/bd_ab_top/inst/u_ab/frame_count_reg[28]/C (clocked by clk_out1_bd_ab_bd_clk_tx_0_1) and bd_ab_i/bd_ab_top/inst/u_ab/u_regs/rd_data_reg[28]/D (clocked by bd_xdma_axi_aclk). Large setup violations at the end of those stages might be difficult to fix during the post-placement implementation flow and could be the result of non-optimal XDC constraints or non-optimal design architecture
Related violations: <none>

TIMING-16#49 Warning
Large setup violation  
There is a large setup violation of -2.518 ns between bd_ab_i/bd_ab_top/inst/u_ab/frame_count_reg[14]/C (clocked by clk_out1_bd_ab_bd_clk_tx_0_1) and bd_ab_i/bd_ab_top/inst/u_ab/u_regs/rd_data_reg[14]/D (clocked by bd_xdma_axi_aclk). Large setup violations at the end of those stages might be difficult to fix during the post-placement implementation flow and could be the result of non-optimal XDC constraints or non-optimal design architecture
Related violations: <none>

TIMING-16#50 Warning
Large setup violation  
There is a large setup violation of -2.519 ns between bd_ab_i/bd_ab_top/inst/u_ab/frame_count_reg[17]/C (clocked by clk_out1_bd_ab_bd_clk_tx_0_1) and bd_ab_i/bd_ab_top/inst/u_ab/u_regs/rd_data_reg[17]/D (clocked by bd_xdma_axi_aclk). Large setup violations at the end of those stages might be difficult to fix during the post-placement implementation flow and could be the result of non-optimal XDC constraints or non-optimal design architecture
Related violations: <none>

TIMING-16#51 Warning
Large setup violation  
There is a large setup violation of -2.529 ns between bd_ab_i/bd_ab_top/inst/u_ab/frame_count_reg[12]_replica/C (clocked by clk_out1_bd_ab_bd_clk_tx_0_1) and bd_ab_i/bd_ab_top/inst/u_ab/u_regs/rd_data_reg[12]/D (clocked by bd_xdma_axi_aclk). Large setup violations at the end of those stages might be difficult to fix during the post-placement implementation flow and could be the result of non-optimal XDC constraints or non-optimal design architecture
Related violations: <none>

TIMING-16#52 Warning
Large setup violation  
There is a large setup violation of -2.531 ns between bd_ab_i/bd_ab_top/inst/u_ab/frame_count_reg[10]/C (clocked by clk_out1_bd_ab_bd_clk_tx_0_1) and bd_ab_i/bd_ab_top/inst/u_ab/u_regs/rd_data_reg[10]/D (clocked by bd_xdma_axi_aclk). Large setup violations at the end of those stages might be difficult to fix during the post-placement implementation flow and could be the result of non-optimal XDC constraints or non-optimal design architecture
Related violations: <none>

TIMING-16#53 Warning
Large setup violation  
There is a large setup violation of -2.531 ns between bd_ab_i/bd_ab_top/inst/u_ab/frame_count_reg[2]/C (clocked by clk_out1_bd_ab_bd_clk_tx_0_1) and bd_ab_i/bd_ab_top/inst/u_ab/u_regs/rd_data_reg[2]/D (clocked by bd_xdma_axi_aclk). Large setup violations at the end of those stages might be difficult to fix during the post-placement implementation flow and could be the result of non-optimal XDC constraints or non-optimal design architecture
Related violations: <none>

TIMING-16#54 Warning
Large setup violation  
There is a large setup violation of -2.536 ns between bd_ab_i/bd_ab_top/inst/u_ab/frame_count_reg[0]/C (clocked by clk_out1_bd_ab_bd_clk_tx_0_1) and bd_ab_i/bd_ab_top/inst/u_ab/u_regs/rd_data_reg[0]/D (clocked by bd_xdma_axi_aclk). Large setup violations at the end of those stages might be difficult to fix during the post-placement implementation flow and could be the result of non-optimal XDC constraints or non-optimal design architecture
Related violations: <none>

TIMING-16#55 Warning
Large setup violation  
There is a large setup violation of -2.538 ns between bd_ab_i/bd_ab_top/inst/u_ab/frame_count_reg[13]_replica/C (clocked by clk_out1_bd_ab_bd_clk_tx_0_1) and bd_ab_i/bd_ab_top/inst/u_ab/u_regs/rd_data_reg[13]/D (clocked by bd_xdma_axi_aclk). Large setup violations at the end of those stages might be difficult to fix during the post-placement implementation flow and could be the result of non-optimal XDC constraints or non-optimal design architecture
Related violations: <none>

TIMING-16#56 Warning
Large setup violation  
There is a large setup violation of -2.540 ns between bd_ab_i/bd_ab_top/inst/u_ab/frame_count_reg[18]/C (clocked by clk_out1_bd_ab_bd_clk_tx_0_1) and bd_ab_i/bd_ab_top/inst/u_ab/u_regs/rd_data_reg[18]/D (clocked by bd_xdma_axi_aclk). Large setup violations at the end of those stages might be difficult to fix during the post-placement implementation flow and could be the result of non-optimal XDC constraints or non-optimal design architecture
Related violations: <none>

TIMING-16#57 Warning
Large setup violation  
There is a large setup violation of -2.541 ns between bd_ab_i/bd_ab_top/inst/u_ab/frame_count_reg[20]/C (clocked by clk_out1_bd_ab_bd_clk_tx_0_1) and bd_ab_i/bd_ab_top/inst/u_ab/u_regs/rd_data_reg[20]/D (clocked by bd_xdma_axi_aclk). Large setup violations at the end of those stages might be difficult to fix during the post-placement implementation flow and could be the result of non-optimal XDC constraints or non-optimal design architecture
Related violations: <none>

TIMING-16#58 Warning
Large setup violation  
There is a large setup violation of -2.542 ns between bd_ab_i/bd_ab_top/inst/u_ab/frame_count_reg[4]/C (clocked by clk_out1_bd_ab_bd_clk_tx_0_1) and bd_ab_i/bd_ab_top/inst/u_ab/u_regs/rd_data_reg[4]/D (clocked by bd_xdma_axi_aclk). Large setup violations at the end of those stages might be difficult to fix during the post-placement implementation flow and could be the result of non-optimal XDC constraints or non-optimal design architecture
Related violations: <none>

TIMING-16#59 Warning
Large setup violation  
There is a large setup violation of -2.542 ns between bd_ab_i/bd_ab_top/inst/u_ab/frame_count_reg[6]/C (clocked by clk_out1_bd_ab_bd_clk_tx_0_1) and bd_ab_i/bd_ab_top/inst/u_ab/u_regs/rd_data_reg[6]/D (clocked by bd_xdma_axi_aclk). Large setup violations at the end of those stages might be difficult to fix during the post-placement implementation flow and could be the result of non-optimal XDC constraints or non-optimal design architecture
Related violations: <none>

TIMING-16#60 Warning
Large setup violation  
There is a large setup violation of -2.547 ns between bd_ab_i/bd_ab_top/inst/u_ab/frame_count_reg[11]/C (clocked by clk_out1_bd_ab_bd_clk_tx_0_1) and bd_ab_i/bd_ab_top/inst/u_ab/u_regs/rd_data_reg[11]/D (clocked by bd_xdma_axi_aclk). Large setup violations at the end of those stages might be difficult to fix during the post-placement implementation flow and could be the result of non-optimal XDC constraints or non-optimal design architecture
Related violations: <none>

TIMING-16#61 Warning
Large setup violation  
There is a large setup violation of -2.552 ns between bd_ab_i/bd_ab_top/inst/u_ab/frame_count_reg[9]/C (clocked by clk_out1_bd_ab_bd_clk_tx_0_1) and bd_ab_i/bd_ab_top/inst/u_ab/u_regs/rd_data_reg[9]/D (clocked by bd_xdma_axi_aclk). Large setup violations at the end of those stages might be difficult to fix during the post-placement implementation flow and could be the result of non-optimal XDC constraints or non-optimal design architecture
Related violations: <none>

TIMING-16#62 Warning
Large setup violation  
There is a large setup violation of -2.553 ns between bd_ab_i/bd_ab_top/inst/u_ab/frame_count_reg[29]/C (clocked by clk_out1_bd_ab_bd_clk_tx_0_1) and bd_ab_i/bd_ab_top/inst/u_ab/u_regs/rd_data_reg[29]/D (clocked by bd_xdma_axi_aclk). Large setup violations at the end of those stages might be difficult to fix during the post-placement implementation flow and could be the result of non-optimal XDC constraints or non-optimal design architecture
Related violations: <none>

TIMING-16#63 Warning
Large setup violation  
There is a large setup violation of -2.556 ns between bd_ab_i/bd_ab_top/inst/u_ab/frame_count_reg[7]/C (clocked by clk_out1_bd_ab_bd_clk_tx_0_1) and bd_ab_i/bd_ab_top/inst/u_ab/u_regs/rd_data_reg[7]/D (clocked by bd_xdma_axi_aclk). Large setup violations at the end of those stages might be difficult to fix during the post-placement implementation flow and could be the result of non-optimal XDC constraints or non-optimal design architecture
Related violations: <none>

TIMING-16#64 Warning
Large setup violation  
There is a large setup violation of -2.559 ns between bd_ab_i/bd_ab_top/inst/u_ab/frame_count_reg[1]/C (clocked by clk_out1_bd_ab_bd_clk_tx_0_1) and bd_ab_i/bd_ab_top/inst/u_ab/u_regs/rd_data_reg[1]/D (clocked by bd_xdma_axi_aclk). Large setup violations at the end of those stages might be difficult to fix during the post-placement implementation flow and could be the result of non-optimal XDC constraints or non-optimal design architecture
Related violations: <none>

TIMING-16#65 Warning
Large setup violation  
There is a large setup violation of -2.561 ns between bd_ab_i/bd_ab_top/inst/u_ab/frame_count_reg[19]/C (clocked by clk_out1_bd_ab_bd_clk_tx_0_1) and bd_ab_i/bd_ab_top/inst/u_ab/u_regs/rd_data_reg[19]/D (clocked by bd_xdma_axi_aclk). Large setup violations at the end of those stages might be difficult to fix during the post-placement implementation flow and could be the result of non-optimal XDC constraints or non-optimal design architecture
Related violations: <none>

TIMING-16#66 Warning
Large setup violation  
There is a large setup violation of -2.565 ns between bd_ab_i/bd_ab_top/inst/u_ab/frame_count_reg[5]/C (clocked by clk_out1_bd_ab_bd_clk_tx_0_1) and bd_ab_i/bd_ab_top/inst/u_ab/u_regs/rd_data_reg[5]/D (clocked by bd_xdma_axi_aclk). Large setup violations at the end of those stages might be difficult to fix during the post-placement implementation flow and could be the result of non-optimal XDC constraints or non-optimal design architecture
Related violations: <none>

XDCC-7#1 Warning
Scoped Clock constraint overwritten on the same source  
A new clock constraint create_clock overrides a previous scoped clock constraint defined on the same source. It is not recommended to override a scoped (typically an IP) clock constraint and could result in unexpected behaviors.
New: create_clock -period 3.333 -name sysclk_300 [get_ports sysclk_300_clk_p] (Source: c:/Users/diego/Documents/TF-BB84/qkd_abc/vivado/nodo_a/kcu116_generado.xdc (Line: 9))
Previous: create_clock -period 3.333 [get_ports sysclk_300_clk_p] (Source: c:/Users/diego/Documents/TF-BB84/qkd_abc/vivado/nodo_a/nodo_a.gen/sources_1/bd/bd_ab/ip/bd_ab_bd_clk_tx_0/bd_ab_bd_clk_tx_0.xdc (Line: 53))
Related violations: <none>


