Copyright 1986-2022 Xilinx, Inc. All Rights Reserved. Copyright 2022-2025 Advanced Micro Devices, Inc. All Rights Reserved.
---------------------------------------------------------------------------------------------------------------------------------------------
| Tool Version : Vivado v.2025.1 (win64) Build 6140274 Thu May 22 00:12:29 MDT 2025
| Date         : Wed Sep  9 12:10:48 2026
| Host         : ArcosLaptop running 64-bit major release  (build 9200)
| Command      : report_utilization -file ./nodo_a/utilization.rpt
| Design       : bd_ab_wrapper
| Device       : xcku5p-ffvb676-2-e
| Speed File   : -2
| Design State : Routed
---------------------------------------------------------------------------------------------------------------------------------------------

Utilization Design Information

Table of Contents
-----------------
1. CLB Logic
1.1 Summary of Registers by Type
2. CLB Logic Distribution
3. BLOCKRAM
4. ARITHMETIC
5. I/O
6. CLOCK
7. ADVANCED
8. CONFIGURATION
9. Primitives
10. Black Boxes
11. Instantiated Netlists

1. CLB Logic
------------

+----------------------------+-------+-------+------------+-----------+-------+
|          Site Type         |  Used | Fixed | Prohibited | Available | Util% |
+----------------------------+-------+-------+------------+-----------+-------+
| CLB LUTs                   | 18539 |     0 |          0 |    216960 |  8.54 |
|   LUT as Logic             | 16995 |     0 |          0 |    216960 |  7.83 |
|   LUT as Memory            |  1544 |     0 |          0 |     99840 |  1.55 |
|     LUT as Distributed RAM |  1528 |     0 |            |           |       |
|     LUT as Shift Register  |    16 |     0 |            |           |       |
| CLB Registers              | 24837 |     0 |          0 |    433920 |  5.72 |
|   Register as Flip Flop    | 24837 |     0 |          0 |    433920 |  5.72 |
|   Register as Latch        |     0 |     0 |          0 |    433920 |  0.00 |
| CARRY8                     |   351 |     0 |          0 |     27120 |  1.29 |
| F7 Muxes                   |   402 |     0 |          0 |    108480 |  0.37 |
| F8 Muxes                   |   130 |     0 |          0 |     54240 |  0.24 |
| F9 Muxes                   |     0 |     0 |          0 |     27120 |  0.00 |
+----------------------------+-------+-------+------------+-----------+-------+
* Warning! LUT value is adjusted to account for LUT combining.


1.1 Summary of Registers by Type
--------------------------------

+-------+--------------+-------------+--------------+
| Total | Clock Enable | Synchronous | Asynchronous |
+-------+--------------+-------------+--------------+
| 0     |            _ |           - |            - |
| 0     |            _ |           - |          Set |
| 0     |            _ |           - |        Reset |
| 0     |            _ |         Set |            - |
| 0     |            _ |       Reset |            - |
| 0     |          Yes |           - |            - |
| 144   |          Yes |           - |          Set |
| 566   |          Yes |           - |        Reset |
| 259   |          Yes |         Set |            - |
| 23868 |          Yes |       Reset |            - |
+-------+--------------+-------------+--------------+


2. CLB Logic Distribution
-------------------------

+--------------------------------------------+-------+-------+------------+-----------+-------+
|                  Site Type                 |  Used | Fixed | Prohibited | Available | Util% |
+--------------------------------------------+-------+-------+------------+-----------+-------+
| CLB                                        |  4213 |     0 |          0 |     27120 | 15.53 |
|   CLBL                                     |  2158 |     0 |            |           |       |
|   CLBM                                     |  2055 |     0 |            |           |       |
| LUT as Logic                               | 16995 |     0 |          0 |    216960 |  7.83 |
|   using O5 output only                     |   323 |       |            |           |       |
|   using O6 output only                     | 12643 |       |            |           |       |
|   using O5 and O6                          |  4029 |       |            |           |       |
| LUT as Memory                              |  1544 |     0 |          0 |     99840 |  1.55 |
|   LUT as Distributed RAM                   |  1528 |     0 |            |           |       |
|     using O5 output only                   |     0 |       |            |           |       |
|     using O6 output only                   |   172 |       |            |           |       |
|     using O5 and O6                        |  1356 |       |            |           |       |
|   LUT as Shift Register                    |    16 |     0 |            |           |       |
|     using O5 output only                   |     0 |       |            |           |       |
|     using O6 output only                   |    16 |       |            |           |       |
|     using O5 and O6                        |     0 |       |            |           |       |
| CLB Registers                              | 24837 |     0 |          0 |    433920 |  5.72 |
|   Register driven from within the CLB      | 12737 |       |            |           |       |
|   Register driven from outside the CLB     | 12100 |       |            |           |       |
|     LUT in front of the register is unused |  8483 |       |            |           |       |
|     LUT in front of the register is used   |  3617 |       |            |           |       |
| Unique Control Sets                        |   966 |       |          0 |     54240 |  1.78 |
+--------------------------------------------+-------+-------+------------+-----------+-------+
* * Note: Available Control Sets calculated as Slices * 2, Review the Control Sets Report for more information regarding control sets.


3. BLOCKRAM
-----------

+-------------------+------+-------+------------+-----------+-------+
|     Site Type     | Used | Fixed | Prohibited | Available | Util% |
+-------------------+------+-------+------------+-----------+-------+
| Block RAM Tile    |   46 |     0 |          0 |       480 |  9.58 |
|   RAMB36/FIFO*    |   46 |     0 |          0 |       480 |  9.58 |
|     RAMB36E2 only |   46 |       |            |           |       |
|   RAMB18          |    0 |     0 |          0 |       960 |  0.00 |
| URAM              |    0 |     0 |          0 |        64 |  0.00 |
+-------------------+------+-------+------------+-----------+-------+
* Note: Each Block RAM Tile only has one FIFO logic available and therefore can accommodate only one FIFO36E2 or one FIFO18E2. However, if a FIFO18E2 occupies a Block RAM Tile, that tile can still accommodate a RAMB18E2


4. ARITHMETIC
-------------

+-----------+------+-------+------------+-----------+-------+
| Site Type | Used | Fixed | Prohibited | Available | Util% |
+-----------+------+-------+------------+-----------+-------+
| DSPs      |    0 |     0 |          0 |      1824 |  0.00 |
+-----------+------+-------+------------+-----------+-------+


5. I/O
------

+------------------+------+-------+------------+-----------+-------+
|     Site Type    | Used | Fixed | Prohibited | Available | Util% |
+------------------+------+-------+------------+-----------+-------+
| Bonded IOB       |    3 |     3 |          0 |       280 |  1.07 |
|   HPIOB_M        |    1 |     1 |          0 |        96 |  1.04 |
|     INPUT        |    1 |       |            |           |       |
|     OUTPUT       |    0 |       |            |           |       |
|     BIDIR        |    0 |       |            |           |       |
|   HPIOB_S        |    1 |     1 |          0 |        96 |  1.04 |
|     INPUT        |    1 |       |            |           |       |
|     OUTPUT       |    0 |       |            |           |       |
|     BIDIR        |    0 |       |            |           |       |
|   HDIOB_M        |    0 |     0 |          0 |        36 |  0.00 |
|   HDIOB_S        |    0 |     0 |          0 |        36 |  0.00 |
|   HPIOB_SNGL     |    1 |     1 |          0 |        16 |  6.25 |
|     INPUT        |    1 |       |            |           |       |
|     OUTPUT       |    0 |       |            |           |       |
|     BIDIR        |    0 |       |            |           |       |
| HPIOBDIFFINBUF   |    1 |     1 |          0 |        96 |  1.04 |
|   DIFFINBUF      |    1 |     1 |            |           |       |
| HPIOBDIFFOUTBUF  |    0 |     0 |          0 |        96 |  0.00 |
| HDIOBDIFFINBUF   |    0 |     0 |          0 |        48 |  0.00 |
| BITSLICE_CONTROL |    0 |     0 |          0 |        32 |  0.00 |
| BITSLICE_RX_TX   |    0 |     0 |          0 |      1248 |  0.00 |
| BITSLICE_TX      |    0 |     0 |          0 |        32 |  0.00 |
| RIU_OR           |    0 |     0 |          0 |        16 |  0.00 |
+------------------+------+-------+------------+-----------+-------+


6. CLOCK
--------

+------------+------+-------+------------+-----------+-------+
|  Site Type | Used | Fixed | Prohibited | Available | Util% |
+------------+------+-------+------------+-----------+-------+
| BUFGCE     |    1 |     0 |          0 |       112 |  0.89 |
| BUFGCE_DIV |    0 |     0 |          0 |        16 |  0.00 |
| BUFG_GT    |   14 |     0 |          0 |        96 | 14.58 |
| BUFGCTRL*  |    0 |     0 |          0 |        32 |  0.00 |
| PLL        |    0 |     0 |          0 |         8 |  0.00 |
| MMCM       |    1 |     0 |          0 |         4 | 25.00 |
+------------+------+-------+------------+-----------+-------+
* Note: Each used BUFGCTRL counts as two GLOBAL CLOCK BUFFERs. This table does not include global clocking resources, only buffer cell usage. See the Clock Utilization Report (report_clock_utilization) for detailed accounting of global clocking resource availability.


7. ADVANCED
-----------

+-----------------+------+-------+------------+-----------+--------+
|    Site Type    | Used | Fixed | Prohibited | Available |  Util% |
+-----------------+------+-------+------------+-----------+--------+
| CMACE4          |    0 |     0 |          0 |         1 |   0.00 |
| GTYE4_CHANNEL   |    8 |     8 |          0 |        16 |  50.00 |
| GTYE4_COMMON    |    2 |     0 |          0 |         4 |  50.00 |
| OBUFDS_GTE4     |    0 |     0 |          0 |         8 |   0.00 |
| OBUFDS_GTE4_ADV |    0 |     0 |          0 |         8 |   0.00 |
| PCIE40E4        |    1 |     1 |          0 |         1 | 100.00 |
| SYSMONE4        |    0 |     0 |          0 |         1 |   0.00 |
+-----------------+------+-------+------------+-----------+--------+


8. CONFIGURATION
----------------

+-------------+------+-------+------------+-----------+-------+
|  Site Type  | Used | Fixed | Prohibited | Available | Util% |
+-------------+------+-------+------------+-----------+-------+
| BSCANE2     |    0 |     0 |          0 |         4 |  0.00 |
| DNA_PORTE2  |    0 |     0 |          0 |         1 |  0.00 |
| EFUSE_USR   |    0 |     0 |          0 |         1 |  0.00 |
| FRAME_ECCE4 |    0 |     0 |          0 |         1 |  0.00 |
| ICAPE3      |    0 |     0 |          0 |         2 |  0.00 |
| MASTER_JTAG |    0 |     0 |          0 |         1 |  0.00 |
| STARTUPE3   |    0 |     0 |          0 |         1 |  0.00 |
+-------------+------+-------+------------+-----------+-------+


9. Primitives
-------------

+---------------+-------+---------------------+
|    Ref Name   |  Used | Functional Category |
+---------------+-------+---------------------+
| FDRE          | 23868 |            Register |
| LUT6          |  6853 |                 CLB |
| LUT3          |  4153 |                 CLB |
| LUT5          |  3432 |                 CLB |
| LUT4          |  3418 |                 CLB |
| LUT2          |  2887 |                 CLB |
| RAMD32        |  2382 |                 CLB |
| FDCE          |   566 |            Register |
| MUXF7         |   402 |                 CLB |
| CARRY8        |   351 |                 CLB |
| RAMS32        |   342 |                 CLB |
| LUT1          |   281 |                 CLB |
| FDSE          |   259 |            Register |
| FDPE          |   144 |            Register |
| MUXF8         |   130 |                 CLB |
| RAMD64E       |   128 |                 CLB |
| RAMB36E2      |    46 |            BLOCKRAM |
| RAMS64E       |    32 |                 CLB |
| BUFG_GT       |    14 |               Clock |
| BUFG_GT_SYNC  |     9 |               Clock |
| SRLC32E       |     8 |                 CLB |
| SRL16E        |     8 |                 CLB |
| GTYE4_CHANNEL |     8 |            Advanced |
| IBUFCTRL      |     2 |              Others |
| GTYE4_COMMON  |     2 |            Advanced |
| PCIE40E4      |     1 |            Advanced |
| MMCME4_ADV    |     1 |               Clock |
| INBUF         |     1 |                 I/O |
| IBUFDS_GTE4   |     1 |                 I/O |
| DIFFINBUF     |     1 |                 I/O |
| BUFGCE        |     1 |               Clock |
+---------------+-------+---------------------+


10. Black Boxes
---------------

+----------+------+
| Ref Name | Used |
+----------+------+


11. Instantiated Netlists
-------------------------

+-------------------+------+
|      Ref Name     | Used |
+-------------------+------+
| bd_ab_bd_xdma_0   |    1 |
| bd_ab_bd_refbuf_0 |    1 |
| bd_ab_bd_clk_tx_0 |    1 |
| bd_ab_bd_ab_top_0 |    1 |
+-------------------+------+


