Copyright 1986-2022 Xilinx, Inc. All Rights Reserved. Copyright 2022-2025 Advanced Micro Devices, Inc. All Rights Reserved.
---------------------------------------------------------------------------------------------------------------------------------------------
| Tool Version : Vivado v.2025.1 (win64) Build 6140274 Thu May 22 00:12:29 MDT 2025
| Date         : Wed Sep  9 12:01:31 2026
| Host         : ArcosLaptop running 64-bit major release  (build 9200)
| Command      : report_utilization -file bd_ab_bd_xdma_0_utilization_synth.rpt -pb bd_ab_bd_xdma_0_utilization_synth.pb
| Design       : bd_ab_bd_xdma_0
| Device       : xcku5p-ffvb676-2-e
| Speed File   : -2
| Design State : Synthesized
---------------------------------------------------------------------------------------------------------------------------------------------

Utilization Design Information

Table of Contents
-----------------
1. CLB Logic
1.1 Summary of Registers by Type
2. BLOCKRAM
3. ARITHMETIC
4. I/O
5. CLOCK
6. ADVANCED
7. CONFIGURATION
8. Primitives
9. Black Boxes
10. Instantiated Netlists

1. CLB Logic
------------

+----------------------------+-------+-------+------------+-----------+-------+
|          Site Type         |  Used | Fixed | Prohibited | Available | Util% |
+----------------------------+-------+-------+------------+-----------+-------+
| CLB LUTs*                  | 26224 |     0 |          0 |    216960 | 12.09 |
|   LUT as Logic             | 24067 |     0 |          0 |    216960 | 11.09 |
|   LUT as Memory            |  2157 |     0 |          0 |     99840 |  2.16 |
|     LUT as Distributed RAM |  2140 |     0 |            |           |       |
|     LUT as Shift Register  |    17 |     0 |            |           |       |
| CLB Registers              | 28007 |     0 |          0 |    433920 |  6.45 |
|   Register as Flip Flop    | 28007 |     0 |          0 |    433920 |  6.45 |
|   Register as Latch        |     0 |     0 |          0 |    433920 |  0.00 |
| CARRY8                     |   366 |     0 |          0 |     27120 |  1.35 |
| F7 Muxes                   |   319 |     0 |          0 |    108480 |  0.29 |
| F8 Muxes                   |    42 |     0 |          0 |     54240 |  0.08 |
| F9 Muxes                   |     0 |     0 |          0 |     27120 |  0.00 |
+----------------------------+-------+-------+------------+-----------+-------+
* Warning! The Final LUT count, after physical optimizations and full implementation, is typically lower. Run opt_design after synthesis, if not already completed, for a more realistic count.
Warning! LUT value is adjusted to account for LUT combining.
Warning! For any ECO changes, please run place_design if there are unplaced instances


1.1 Summary of Registers by Type
--------------------------------

+-------+--------------+-------------+--------------+
| Total | Clock Enable | Synchronous | Asynchronous |
+-------+--------------+-------------+--------------+
| 0     |            _ |           - |            - |
| 0     |            _ |           - |          Set |
| 0     |            _ |           - |        Reset |
| 0     |            _ |         Set |            - |
| 0     |            _ |       Reset |            - |
| 0     |          Yes |           - |            - |
| 179   |          Yes |           - |          Set |
| 585   |          Yes |           - |        Reset |
| 276   |          Yes |         Set |            - |
| 26967 |          Yes |       Reset |            - |
+-------+--------------+-------------+--------------+


2. BLOCKRAM
-----------

+-------------------+------+-------+------------+-----------+-------+
|     Site Type     | Used | Fixed | Prohibited | Available | Util% |
+-------------------+------+-------+------------+-----------+-------+
| Block RAM Tile    |   50 |     0 |          0 |       480 | 10.42 |
|   RAMB36/FIFO*    |   50 |     0 |          0 |       480 | 10.42 |
|     RAMB36E2 only |   50 |       |            |           |       |
|   RAMB18          |    0 |     0 |          0 |       960 |  0.00 |
| URAM              |    0 |     0 |          0 |        64 |  0.00 |
+-------------------+------+-------+------------+-----------+-------+
* Note: Each Block RAM Tile only has one FIFO logic available and therefore can accommodate only one FIFO36E2 or one FIFO18E2. However, if a FIFO18E2 occupies a Block RAM Tile, that tile can still accommodate a RAMB18E2


3. ARITHMETIC
-------------

+-----------+------+-------+------------+-----------+-------+
| Site Type | Used | Fixed | Prohibited | Available | Util% |
+-----------+------+-------+------------+-----------+-------+
| DSPs      |    0 |     0 |          0 |      1824 |  0.00 |
+-----------+------+-------+------------+-----------+-------+


4. I/O
------

+------------------+------+-------+------------+-----------+-------+
|     Site Type    | Used | Fixed | Prohibited | Available | Util% |
+------------------+------+-------+------------+-----------+-------+
| Bonded IOB       |    0 |     0 |          0 |       280 |  0.00 |
|   HPIOB_M        |    0 |     0 |          0 |        96 |  0.00 |
|   HPIOB_S        |    0 |     0 |          0 |        96 |  0.00 |
|   HDIOB_M        |    0 |     0 |          0 |        36 |  0.00 |
|   HDIOB_S        |    0 |     0 |          0 |        36 |  0.00 |
|   HPIOB_SNGL     |    0 |     0 |          0 |        16 |  0.00 |
| HPIOBDIFFINBUF   |    0 |     0 |          0 |        96 |  0.00 |
| HPIOBDIFFOUTBUF  |    0 |     0 |          0 |        96 |  0.00 |
| HDIOBDIFFINBUF   |    0 |     0 |          0 |        48 |  0.00 |
| BITSLICE_CONTROL |    0 |     0 |          0 |        32 |  0.00 |
| BITSLICE_RX_TX   |    0 |     0 |          0 |      1248 |  0.00 |
| BITSLICE_TX      |    0 |     0 |          0 |        32 |  0.00 |
| RIU_OR           |    0 |     0 |          0 |        16 |  0.00 |
+------------------+------+-------+------------+-----------+-------+


5. CLOCK
--------

+------------+------+-------+------------+-----------+-------+
|  Site Type | Used | Fixed | Prohibited | Available | Util% |
+------------+------+-------+------------+-----------+-------+
| BUFGCE     |    0 |     0 |          0 |       112 |  0.00 |
| BUFGCE_DIV |    0 |     0 |          0 |        16 |  0.00 |
| BUFG_GT    |   14 |     0 |          0 |        96 | 14.58 |
| BUFGCTRL*  |    0 |     0 |          0 |        32 |  0.00 |
| PLL        |    0 |     0 |          0 |         8 |  0.00 |
| MMCM       |    0 |     0 |          0 |         4 |  0.00 |
+------------+------+-------+------------+-----------+-------+
* Note: Each used BUFGCTRL counts as two GLOBAL CLOCK BUFFERs. This table does not include global clocking resources, only buffer cell usage. See the Clock Utilization Report (report_clock_utilization) for detailed accounting of global clocking resource availability.


6. ADVANCED
-----------

+-----------------+------+-------+------------+-----------+--------+
|    Site Type    | Used | Fixed | Prohibited | Available |  Util% |
+-----------------+------+-------+------------+-----------+--------+
| CMACE4          |    0 |     0 |          0 |         1 |   0.00 |
| GTYE4_CHANNEL   |    8 |     0 |          0 |        16 |  50.00 |
| GTYE4_COMMON    |    2 |     0 |          0 |         4 |  50.00 |
| OBUFDS_GTE4     |    0 |     0 |          0 |         8 |   0.00 |
| OBUFDS_GTE4_ADV |    0 |     0 |          0 |         8 |   0.00 |
| PCIE40E4        |    1 |     0 |          0 |         1 | 100.00 |
| SYSMONE4        |    0 |     0 |          0 |         1 |   0.00 |
+-----------------+------+-------+------------+-----------+--------+


7. CONFIGURATION
----------------

+-------------+------+-------+------------+-----------+-------+
|  Site Type  | Used | Fixed | Prohibited | Available | Util% |
+-------------+------+-------+------------+-----------+-------+
| BSCANE2     |    0 |     0 |          0 |         4 |  0.00 |
| DNA_PORTE2  |    0 |     0 |          0 |         1 |  0.00 |
| EFUSE_USR   |    0 |     0 |          0 |         1 |  0.00 |
| FRAME_ECCE4 |    0 |     0 |          0 |         1 |  0.00 |
| ICAPE3      |    0 |     0 |          0 |         2 |  0.00 |
| MASTER_JTAG |    0 |     0 |          0 |         1 |  0.00 |
| STARTUPE3   |    0 |     0 |          0 |         1 |  0.00 |
+-------------+------+-------+------------+-----------+-------+


8. Primitives
-------------

+---------------+-------+---------------------+
|    Ref Name   |  Used | Functional Category |
+---------------+-------+---------------------+
| FDRE          | 26967 |            Register |
| LUT6          | 10285 |                 CLB |
| LUT3          |  5448 |                 CLB |
| LUT5          |  5336 |                 CLB |
| LUT4          |  3740 |                 CLB |
| RAMD32        |  3402 |                 CLB |
| LUT2          |  2445 |                 CLB |
| LUT1          |  1532 |                 CLB |
| FDCE          |   585 |            Register |
| RAMS32        |   490 |                 CLB |
| CARRY8        |   366 |                 CLB |
| MUXF7         |   319 |                 CLB |
| FDSE          |   276 |            Register |
| FDPE          |   179 |            Register |
| RAMD64E       |   128 |                 CLB |
| RAMB36E2      |    50 |            BLOCKRAM |
| MUXF8         |    42 |                 CLB |
| RAMS64E       |    36 |                 CLB |
| BUFG_GT       |    14 |               Clock |
| SRL16E        |     9 |                 CLB |
| BUFG_GT_SYNC  |     9 |               Clock |
| SRLC32E       |     8 |                 CLB |
| GTYE4_CHANNEL |     8 |            Advanced |
| GTYE4_COMMON  |     2 |            Advanced |
| PCIE40E4      |     1 |            Advanced |
+---------------+-------+---------------------+


9. Black Boxes
--------------

+----------+------+
| Ref Name | Used |
+----------+------+


10. Instantiated Netlists
-------------------------

+----------+------+
| Ref Name | Used |
+----------+------+


