
*** Running vivado
    with args -log bd_ab_bd_clk_tx_0.vds -m64 -product Vivado -mode batch -messageDb vivado.pb -notrace -source bd_ab_bd_clk_tx_0.tcl



****** Vivado v2025.1 (64-bit)
  **** SW Build 6140274 on Thu May 22 00:12:29 MDT 2025
  **** IP Build 6138677 on Thu May 22 03:10:11 MDT 2025
  **** SharedData Build 6139179 on Tue May 20 17:58:58 MDT 2025
  **** Start of session at: Wed Sep  9 11:57:12 2026
    ** Copyright 1986-2022 Xilinx, Inc. All Rights Reserved.
    ** Copyright 2022-2025 Advanced Micro Devices, Inc. All Rights Reserved.

source bd_ab_bd_clk_tx_0.tcl -notrace
create_project: Time (s): cpu = 00:00:09 ; elapsed = 00:00:06 . Memory (MB): peak = 654.918 ; gain = 203.691
Command: synth_design -top bd_ab_bd_clk_tx_0 -part xcku5p-ffvb676-2-e -incremental_mode off -mode out_of_context
Starting synth_design
Attempting to get a license for feature 'Synthesis' and/or device 'xcku5p'
INFO: [Common 17-349] Got license for feature 'Synthesis' and/or device 'xcku5p'
INFO: [Device 21-403] Loading part xcku5p-ffvb676-2-e
INFO: [Synth 8-7079] Multithreading enabled for synth_design using a maximum of 2 processes.
INFO: [Synth 8-7078] Launching helper process for spawning children vivado processes
INFO: [Synth 8-7075] Helper process launched with PID 2244
---------------------------------------------------------------------------------
Starting RTL Elaboration : Time (s): cpu = 00:00:05 ; elapsed = 00:00:06 . Memory (MB): peak = 2008.844 ; gain = 243.250
---------------------------------------------------------------------------------
INFO: [Synth 8-6157] synthesizing module 'bd_ab_bd_clk_tx_0' [c:/Users/diego/Documents/TF-BB84/qkd_abc/vivado/nodo_a/nodo_a.gen/sources_1/bd/bd_ab/ip/bd_ab_bd_clk_tx_0/bd_ab_bd_clk_tx_0.v:65]
INFO: [Synth 8-6157] synthesizing module 'bd_ab_bd_clk_tx_0_clk_wiz' [c:/Users/diego/Documents/TF-BB84/qkd_abc/vivado/nodo_a/nodo_a.gen/sources_1/bd/bd_ab/ip/bd_ab_bd_clk_tx_0/bd_ab_bd_clk_tx_0_clk_wiz.v:65]
INFO: [Synth 8-6157] synthesizing module 'IBUFDS' [C:/Xilinx/2025.1/Vivado/scripts/rt/data/unisim_comp.v:76883]
INFO: [Synth 8-6155] done synthesizing module 'IBUFDS' (0#1) [C:/Xilinx/2025.1/Vivado/scripts/rt/data/unisim_comp.v:76883]
INFO: [Synth 8-6157] synthesizing module 'MMCME4_ADV' [C:/Xilinx/2025.1/Vivado/scripts/rt/data/unisim_comp.v:89814]
	Parameter BANDWIDTH bound to: OPTIMIZED - type: string 
	Parameter CLKFBOUT_MULT_F bound to: 96.875000 - type: double 
	Parameter CLKFBOUT_PHASE bound to: 0.000000 - type: double 
	Parameter CLKFBOUT_USE_FINE_PS bound to: FALSE - type: string 
	Parameter CLKIN1_PERIOD bound to: 3.333000 - type: double 
	Parameter CLKOUT0_DIVIDE_F bound to: 3.875000 - type: double 
	Parameter CLKOUT0_DUTY_CYCLE bound to: 0.500000 - type: double 
	Parameter CLKOUT0_PHASE bound to: 0.000000 - type: double 
	Parameter CLKOUT0_USE_FINE_PS bound to: FALSE - type: string 
	Parameter CLKOUT4_CASCADE bound to: FALSE - type: string 
	Parameter COMPENSATION bound to: AUTO - type: string 
	Parameter DIVCLK_DIVIDE bound to: 24 - type: integer 
	Parameter STARTUP_WAIT bound to: FALSE - type: string 
INFO: [Synth 8-6155] done synthesizing module 'MMCME4_ADV' (0#1) [C:/Xilinx/2025.1/Vivado/scripts/rt/data/unisim_comp.v:89814]
INFO: [Synth 8-6157] synthesizing module 'BUFG' [C:/Xilinx/2025.1/Vivado/scripts/rt/data/unisim_comp.v:2678]
INFO: [Synth 8-6155] done synthesizing module 'BUFG' (0#1) [C:/Xilinx/2025.1/Vivado/scripts/rt/data/unisim_comp.v:2678]
INFO: [Synth 8-6155] done synthesizing module 'bd_ab_bd_clk_tx_0_clk_wiz' (0#1) [c:/Users/diego/Documents/TF-BB84/qkd_abc/vivado/nodo_a/nodo_a.gen/sources_1/bd/bd_ab/ip/bd_ab_bd_clk_tx_0/bd_ab_bd_clk_tx_0_clk_wiz.v:65]
INFO: [Synth 8-6155] done synthesizing module 'bd_ab_bd_clk_tx_0' (0#1) [c:/Users/diego/Documents/TF-BB84/qkd_abc/vivado/nodo_a/nodo_a.gen/sources_1/bd/bd_ab/ip/bd_ab_bd_clk_tx_0/bd_ab_bd_clk_tx_0.v:65]
---------------------------------------------------------------------------------
Finished RTL Elaboration : Time (s): cpu = 00:00:07 ; elapsed = 00:00:07 . Memory (MB): peak = 2120.891 ; gain = 355.297
---------------------------------------------------------------------------------
---------------------------------------------------------------------------------
Start Handling Custom Attributes
---------------------------------------------------------------------------------
---------------------------------------------------------------------------------
Finished Handling Custom Attributes : Time (s): cpu = 00:00:07 ; elapsed = 00:00:07 . Memory (MB): peak = 2120.891 ; gain = 355.297
---------------------------------------------------------------------------------
---------------------------------------------------------------------------------
Finished RTL Optimization Phase 1 : Time (s): cpu = 00:00:07 ; elapsed = 00:00:07 . Memory (MB): peak = 2120.891 ; gain = 355.297
---------------------------------------------------------------------------------
Netlist sorting complete. Time (s): cpu = 00:00:00 ; elapsed = 00:00:00 . Memory (MB): peak = 2120.891 ; gain = 0.000
INFO: [Netlist 29-17] Analyzing 3 Unisim elements for replacement
INFO: [Netlist 29-28] Unisim Transformation completed in 0 CPU seconds
INFO: [Project 1-570] Preparing netlist for logic optimization

Processing XDC Constraints
Initializing timing engine
Parsing XDC File [c:/Users/diego/Documents/TF-BB84/qkd_abc/vivado/nodo_a/nodo_a.gen/sources_1/bd/bd_ab/ip/bd_ab_bd_clk_tx_0/bd_ab_bd_clk_tx_0_ooc.xdc] for cell 'inst'
Finished Parsing XDC File [c:/Users/diego/Documents/TF-BB84/qkd_abc/vivado/nodo_a/nodo_a.gen/sources_1/bd/bd_ab/ip/bd_ab_bd_clk_tx_0/bd_ab_bd_clk_tx_0_ooc.xdc] for cell 'inst'
Parsing XDC File [c:/Users/diego/Documents/TF-BB84/qkd_abc/vivado/nodo_a/nodo_a.gen/sources_1/bd/bd_ab/ip/bd_ab_bd_clk_tx_0/bd_ab_bd_clk_tx_0_board.xdc] for cell 'inst'
Finished Parsing XDC File [c:/Users/diego/Documents/TF-BB84/qkd_abc/vivado/nodo_a/nodo_a.gen/sources_1/bd/bd_ab/ip/bd_ab_bd_clk_tx_0/bd_ab_bd_clk_tx_0_board.xdc] for cell 'inst'
Parsing XDC File [c:/Users/diego/Documents/TF-BB84/qkd_abc/vivado/nodo_a/nodo_a.gen/sources_1/bd/bd_ab/ip/bd_ab_bd_clk_tx_0/bd_ab_bd_clk_tx_0.xdc] for cell 'inst'
Finished Parsing XDC File [c:/Users/diego/Documents/TF-BB84/qkd_abc/vivado/nodo_a/nodo_a.gen/sources_1/bd/bd_ab/ip/bd_ab_bd_clk_tx_0/bd_ab_bd_clk_tx_0.xdc] for cell 'inst'
INFO: [Project 1-236] Implementation specific constraints were found while reading constraint file [c:/Users/diego/Documents/TF-BB84/qkd_abc/vivado/nodo_a/nodo_a.gen/sources_1/bd/bd_ab/ip/bd_ab_bd_clk_tx_0/bd_ab_bd_clk_tx_0.xdc]. These constraints will be ignored for synthesis but will be used in implementation. Impacted constraints are listed in the file [.Xil/bd_ab_bd_clk_tx_0_propImpl.xdc].
Resolution: To avoid this warning, move constraints listed in [.Xil/bd_ab_bd_clk_tx_0_propImpl.xdc] to another XDC file and exclude this new file from synthesis with the used_in_synthesis property (File Properties dialog in GUI) and re-run elaboration/synthesis.
INFO: [Timing 38-2] Deriving generated clocks
Parsing XDC File [C:/Users/diego/Documents/TF-BB84/qkd_abc/vivado/nodo_a/nodo_a.runs/bd_ab_bd_clk_tx_0_synth_1/dont_touch.xdc]
Finished Parsing XDC File [C:/Users/diego/Documents/TF-BB84/qkd_abc/vivado/nodo_a/nodo_a.runs/bd_ab_bd_clk_tx_0_synth_1/dont_touch.xdc]
Completed Processing XDC Constraints

Netlist sorting complete. Time (s): cpu = 00:00:00 ; elapsed = 00:00:00 . Memory (MB): peak = 2152.090 ; gain = 0.000
INFO: [Project 1-111] Unisim Transformation Summary:
  A total of 2 instances were transformed.
  BUFG => BUFGCE: 1 instance 
  IBUFDS => IBUFDS (DIFFINBUF, IBUFCTRL): 1 instance 

Constraint Validation Runtime : Time (s): cpu = 00:00:00 ; elapsed = 00:00:00.030 . Memory (MB): peak = 2152.199 ; gain = 0.109
INFO: [Designutils 20-5008] Incremental synthesis strategy off
---------------------------------------------------------------------------------
Finished Constraint Validation : Time (s): cpu = 00:00:18 ; elapsed = 00:00:19 . Memory (MB): peak = 2152.199 ; gain = 386.605
---------------------------------------------------------------------------------
---------------------------------------------------------------------------------
Start Loading Part and Timing Information
---------------------------------------------------------------------------------
Loading part: xcku5p-ffvb676-2-e
INFO: [Synth 8-6742] Reading net delay rules and data
---------------------------------------------------------------------------------
Finished Loading Part and Timing Information : Time (s): cpu = 00:00:18 ; elapsed = 00:00:19 . Memory (MB): peak = 2152.199 ; gain = 386.605
---------------------------------------------------------------------------------
---------------------------------------------------------------------------------
Start Applying 'set_property' XDC Constraints
---------------------------------------------------------------------------------
---------------------------------------------------------------------------------
Finished applying 'set_property' XDC Constraints : Time (s): cpu = 00:00:18 ; elapsed = 00:00:19 . Memory (MB): peak = 2152.199 ; gain = 386.605
---------------------------------------------------------------------------------
---------------------------------------------------------------------------------
Finished RTL Optimization Phase 2 : Time (s): cpu = 00:00:18 ; elapsed = 00:00:19 . Memory (MB): peak = 2152.199 ; gain = 386.605
---------------------------------------------------------------------------------
---------------------------------------------------------------------------------
Start RTL Component Statistics 
---------------------------------------------------------------------------------
Detailed RTL Component Info : 
---------------------------------------------------------------------------------
Finished RTL Component Statistics 
---------------------------------------------------------------------------------
---------------------------------------------------------------------------------
Start Part Resource Summary
---------------------------------------------------------------------------------
Part Resources:
DSPs: 1824 (col length:96)
BRAMs: 960 (col length: RAMB18 96 RAMB36 48)
---------------------------------------------------------------------------------
Finished Part Resource Summary
---------------------------------------------------------------------------------
---------------------------------------------------------------------------------
Start Cross Boundary and Area Optimization
---------------------------------------------------------------------------------
WARNING: [Synth 8-7080] Parallel synthesis criteria is not met
---------------------------------------------------------------------------------
Finished Cross Boundary and Area Optimization : Time (s): cpu = 00:00:19 ; elapsed = 00:00:20 . Memory (MB): peak = 2152.199 ; gain = 386.605
---------------------------------------------------------------------------------
---------------------------------------------------------------------------------
Start Applying XDC Timing Constraints
---------------------------------------------------------------------------------
---------------------------------------------------------------------------------
Finished Applying XDC Timing Constraints : Time (s): cpu = 00:00:26 ; elapsed = 00:00:36 . Memory (MB): peak = 2752.727 ; gain = 987.133
---------------------------------------------------------------------------------
---------------------------------------------------------------------------------
Start Timing Optimization
---------------------------------------------------------------------------------
---------------------------------------------------------------------------------
Finished Timing Optimization : Time (s): cpu = 00:00:26 ; elapsed = 00:00:36 . Memory (MB): peak = 2752.727 ; gain = 987.133
---------------------------------------------------------------------------------
---------------------------------------------------------------------------------
Start Technology Mapping
---------------------------------------------------------------------------------
---------------------------------------------------------------------------------
Finished Technology Mapping : Time (s): cpu = 00:00:26 ; elapsed = 00:00:36 . Memory (MB): peak = 2762.293 ; gain = 996.699
---------------------------------------------------------------------------------
---------------------------------------------------------------------------------
Start IO Insertion
---------------------------------------------------------------------------------
---------------------------------------------------------------------------------
Start Flattening Before IO Insertion
---------------------------------------------------------------------------------
---------------------------------------------------------------------------------
Finished Flattening Before IO Insertion
---------------------------------------------------------------------------------
---------------------------------------------------------------------------------
Start Final Netlist Cleanup
---------------------------------------------------------------------------------
---------------------------------------------------------------------------------
Finished Final Netlist Cleanup
---------------------------------------------------------------------------------
---------------------------------------------------------------------------------
Finished IO Insertion : Time (s): cpu = 00:00:30 ; elapsed = 00:00:40 . Memory (MB): peak = 2997.684 ; gain = 1232.090
---------------------------------------------------------------------------------
---------------------------------------------------------------------------------
Start Renaming Generated Instances
---------------------------------------------------------------------------------
---------------------------------------------------------------------------------
Finished Renaming Generated Instances : Time (s): cpu = 00:00:30 ; elapsed = 00:00:40 . Memory (MB): peak = 2997.684 ; gain = 1232.090
---------------------------------------------------------------------------------
---------------------------------------------------------------------------------
Start Rebuilding User Hierarchy
---------------------------------------------------------------------------------
---------------------------------------------------------------------------------
Finished Rebuilding User Hierarchy : Time (s): cpu = 00:00:30 ; elapsed = 00:00:40 . Memory (MB): peak = 2997.684 ; gain = 1232.090
---------------------------------------------------------------------------------
---------------------------------------------------------------------------------
Start Renaming Generated Ports
---------------------------------------------------------------------------------
---------------------------------------------------------------------------------
Finished Renaming Generated Ports : Time (s): cpu = 00:00:30 ; elapsed = 00:00:40 . Memory (MB): peak = 2997.684 ; gain = 1232.090
---------------------------------------------------------------------------------
---------------------------------------------------------------------------------
Start Handling Custom Attributes
---------------------------------------------------------------------------------
---------------------------------------------------------------------------------
Finished Handling Custom Attributes : Time (s): cpu = 00:00:30 ; elapsed = 00:00:40 . Memory (MB): peak = 2997.684 ; gain = 1232.090
---------------------------------------------------------------------------------
---------------------------------------------------------------------------------
Start Renaming Generated Nets
---------------------------------------------------------------------------------
---------------------------------------------------------------------------------
Finished Renaming Generated Nets : Time (s): cpu = 00:00:30 ; elapsed = 00:00:40 . Memory (MB): peak = 2997.684 ; gain = 1232.090
---------------------------------------------------------------------------------
---------------------------------------------------------------------------------
Start Writing Synthesis Report
---------------------------------------------------------------------------------

Report BlackBoxes: 
+-+--------------+----------+
| |BlackBox name |Instances |
+-+--------------+----------+
+-+--------------+----------+

Report Cell Usage: 
+------+-----------+------+
|      |Cell       |Count |
+------+-----------+------+
|1     |BUFG       |     1|
|2     |MMCME4_ADV |     1|
|3     |IBUFDS     |     1|
+------+-----------+------+
---------------------------------------------------------------------------------
Finished Writing Synthesis Report : Time (s): cpu = 00:00:30 ; elapsed = 00:00:40 . Memory (MB): peak = 2997.684 ; gain = 1232.090
---------------------------------------------------------------------------------
Synthesis finished with 0 errors, 0 critical warnings and 1 warnings.
Synthesis Optimization Runtime : Time (s): cpu = 00:00:18 ; elapsed = 00:00:35 . Memory (MB): peak = 2997.684 ; gain = 1200.781
Synthesis Optimization Complete : Time (s): cpu = 00:00:30 ; elapsed = 00:00:40 . Memory (MB): peak = 2997.684 ; gain = 1232.090
INFO: [Project 1-571] Translating synthesized netlist
Netlist sorting complete. Time (s): cpu = 00:00:00 ; elapsed = 00:00:00 . Memory (MB): peak = 2997.684 ; gain = 0.000
INFO: [Netlist 29-17] Analyzing 3 Unisim elements for replacement
INFO: [Netlist 29-28] Unisim Transformation completed in 0 CPU seconds
INFO: [Project 1-570] Preparing netlist for logic optimization
INFO: [Opt 31-138] Pushed 0 inverter(s) to 0 load pin(s).
INFO: [Opt 31-326] The CLKFBOUT to CLKFBIN net for instance inst/mmcme4_adv_inst with COMPENSATION=INTERNAL is optimized away to aid design routability
Netlist sorting complete. Time (s): cpu = 00:00:00 ; elapsed = 00:00:00 . Memory (MB): peak = 2997.684 ; gain = 0.000
INFO: [Project 1-111] Unisim Transformation Summary:
  A total of 2 instances were transformed.
  BUFG => BUFGCE: 1 instance 
  IBUFDS => IBUFDS (DIFFINBUF, IBUFCTRL): 1 instance 

Synth Design complete | Checksum: 409e7997
INFO: [Common 17-83] Releasing license: Synthesis
31 Infos, 1 Warnings, 0 Critical Warnings and 0 Errors encountered.
synth_design completed successfully
synth_design: Time (s): cpu = 00:00:36 ; elapsed = 00:00:47 . Memory (MB): peak = 2997.684 ; gain = 2284.047
Write ShapeDB Complete: Time (s): cpu = 00:00:00 ; elapsed = 00:00:00.001 . Memory (MB): peak = 2997.684 ; gain = 0.000
INFO: [Common 17-1381] The checkpoint 'C:/Users/diego/Documents/TF-BB84/qkd_abc/vivado/nodo_a/nodo_a.runs/bd_ab_bd_clk_tx_0_synth_1/bd_ab_bd_clk_tx_0.dcp' has been generated.
INFO: [Coretcl 2-1648] Added synthesis output to IP cache for IP bd_ab_bd_clk_tx_0, cache-ID = 7402c67d86af72af
Write ShapeDB Complete: Time (s): cpu = 00:00:00 ; elapsed = 00:00:00.001 . Memory (MB): peak = 2997.684 ; gain = 0.000
INFO: [Common 17-1381] The checkpoint 'C:/Users/diego/Documents/TF-BB84/qkd_abc/vivado/nodo_a/nodo_a.runs/bd_ab_bd_clk_tx_0_synth_1/bd_ab_bd_clk_tx_0.dcp' has been generated.
INFO: [Vivado 12-24828] Executing command : report_utilization -file bd_ab_bd_clk_tx_0_utilization_synth.rpt -pb bd_ab_bd_clk_tx_0_utilization_synth.pb
INFO: [Common 17-206] Exiting Vivado at Wed Sep  9 11:58:12 2026...
